STATUS status=SUCCEEDED reason=SNAPSHOT utc=2026-10-06T19:17:28.347338500Z
PHANTOMS-initial status=SUCCEEDED reason=CANDIDATE_SNAPSHOT utc=2026-10-06T19:17:28.963406800Z
SELECT status=SUCCEEDED reason=SELECTED utc=2026-10-06T19:17:29.543454Z
TRACE-baseline status=SUCCEEDED reason=SELECTED_TRACE_SNAPSHOT utc=2026-10-06T19:17:29.987484Z
CENSUS-baseline-page0 status=SUCCEEDED reason=CANDIDATE_SNAPSHOT utc=2026-10-06T19:17:30.549505200Z
CENSUS-baseline-page1 status=SUCCEEDED reason=CANDIDATE_SNAPSHOT utc=2026-10-06T19:17:31.146026500Z
BASELINE profile=110 object=268485779 epoch=42383672176100 goal=30/30 cycles=0 kills=0 exp=0 sp=0 reason=background.visible.autoplay_running
POLL-1791314253529-trace status=SUCCEEDED reason=SELECTED_TRACE_SNAPSHOT utc=2026-10-06T19:17:33.986987300Z
POLL-1791314253529-census-page0 status=SUCCEEDED reason=CANDIDATE_SNAPSHOT utc=2026-10-06T19:17:34.549986800Z
POLL-1791314253529-census-page1 status=SUCCEEDED reason=CANDIDATE_SNAPSHOT utc=2026-10-06T19:17:34.944989300Z
POLL elapsed=4.0004816 profile=110 goal=30/30 guard=COMMON_GUARDS_CLEAR cycles=0 kills=0 targets=1 exp=0 sp=0 reason=background.visible.autoplay_running travel= recovery=
POLL-1791314255504-trace status=SUCCEEDED reason=SELECTED_TRACE_SNAPSHOT utc=2026-10-06T19:17:35.986988Z
POLL-1791314255504-census-page0 status=SUCCEEDED reason=CANDIDATE_SNAPSHOT utc=2026-10-06T19:17:36.349987800Z
POLL-1791314255504-census-page1 status=SUCCEEDED reason=CANDIDATE_SNAPSHOT utc=2026-10-06T19:17:36.748986500Z
POLL elapsed=5.8004826 profile=110 goal=30/30 guard=COMMON_GUARDS_CLEAR cycles=0 kills=0 targets=1 exp=0 sp=0 reason=background.visible.autoplay_running travel= recovery=
POLL-1791314257502-trace status=SUCCEEDED reason=SELECTED_TRACE_SNAPSHOT utc=2026-10-06T19:17:37.982986500Z
POLL-1791314257502-census-page0 status=SUCCEEDED reason=CANDIDATE_SNAPSHOT utc=2026-10-06T19:17:38.349414800Z
POLL-1791314257502-census-page1 status=SUCCEEDED reason=CANDIDATE_SNAPSHOT utc=2026-10-06T19:17:38.748788900Z
POLL elapsed=7.7999096 profile=110 goal=30/30 guard=COMMON_GUARDS_CLEAR cycles=0 kills=0 targets=1 exp=0 sp=0 reason=background.visible.autoplay_running travel= recovery=
POLL-1791314259517-trace status=SUCCEEDED reason=SELECTED_TRACE_SNAPSHOT utc=2026-10-06T19:17:39.980880600Z
POLL-1791314259517-census-page0 status=SUCCEEDED reason=CANDIDATE_SNAPSHOT utc=2026-10-06T19:17:40.347894100Z
POLL-1791314259517-census-page1 status=SUCCEEDED reason=CANDIDATE_SNAPSHOT utc=2026-10-06T19:17:40.745927900Z
POLL elapsed=9.7983889 profile=110 goal=30/30 guard=COMMON_GUARDS_CLEAR cycles=0 kills=0 targets=1 exp=0 sp=0 reason=background.visible.autoplay_running travel= recovery=
POLL-1791314261505-trace status=SUCCEEDED reason=SELECTED_TRACE_SNAPSHOT utc=2026-10-06T19:17:41.982982700Z
POLL-1791314261505-census-page0 status=SUCCEEDED reason=CANDIDATE_SNAPSHOT utc=2026-10-06T19:17:42.549905800Z
POLL-1791314261505-census-page1 status=SUCCEEDED reason=CANDIDATE_SNAPSHOT utc=2026-10-06T19:17:43.146032800Z
POLL elapsed=12.0004006 profile=110 goal=30/30 guard=COMMON_GUARDS_CLEAR cycles=0 kills=0 targets=1 exp=0 sp=0 reason=background.visible.autoplay_running travel= recovery=
POLL-1791314279037-trace status=SUCCEEDED reason=SELECTED_TRACE_SNAPSHOT utc=2026-10-06T19:17:59.379732600Z
POLL-1791314279037-census-page0 status=SUCCEEDED reason=CANDIDATE_SNAPSHOT utc=2026-10-06T19:17:59.949923700Z
POLL-1791314279037-census-page1 status=SUCCEEDED reason=CANDIDATE_SNAPSHOT utc=2026-10-06T19:18:00.347054100Z
POLL elapsed=29.4004185 profile=110 goal=30/30 guard=COMMON_GUARDS_CLEAR cycles=0 kills=0 targets=1 exp=0 sp=0 reason=background.visible.autoplay_running travel= recovery=
POLL-1791314281026-trace status=SUCCEEDED reason=SELECTED_TRACE_SNAPSHOT utc=2026-10-06T19:18:01.580124400Z
POLL-1791314281026-census-page0 status=SUCCEEDED reason=CANDIDATE_SNAPSHOT utc=2026-10-06T19:18:02.151175500Z
POLL-1791314281026-census-page1 status=SUCCEEDED reason=CANDIDATE_SNAPSHOT utc=2026-10-06T19:18:02.746487900Z
POLL elapsed=31.6016703 profile=110 goal=30/30 guard=COMMON_GUARDS_CLEAR cycles=0 kills=0 targets=1 exp=0 sp=0 reason=background.visible.autoplay_running travel= recovery=
POLL-1791314283046-trace status=SUCCEEDED reason=SELECTED_TRACE_SNAPSHOT utc=2026-10-06T19:18:03.382625600Z
POLL-1791314283046-census-page0 status=SUCCEEDED reason=CANDIDATE_SNAPSHOT utc=2026-10-06T19:18:03.948647800Z
POLL-1791314283046-census-page1 status=SUCCEEDED reason=CANDIDATE_SNAPSHOT utc=2026-10-06T19:18:04.344664500Z
POLL elapsed=33.3991426 profile=110 goal=30/30 guard=COMMON_GUARDS_CLEAR cycles=0 kills=0 targets=1 exp=0 sp=0 reason=background.visible.autoplay_running travel= recovery=
POLL-1791314285060-trace status=SUCCEEDED reason=SELECTED_TRACE_SNAPSHOT utc=2026-10-06T19:18:05.587715400Z
POLL-1791314285060-census-page0 status=SUCCEEDED reason=CANDIDATE_SNAPSHOT utc=2026-10-06T19:18:05.950727700Z
POLL-1791314285060-census-page1 status=SUCCEEDED reason=CANDIDATE_SNAPSHOT utc=2026-10-06T19:18:06.548728400Z
POLL elapsed=35.4012225 profile=110 goal=30/30 guard=COMMON_GUARDS_CLEAR cycles=0 kills=0 targets=1 exp=0 sp=0 reason=background.visible.autoplay_running travel= recovery=
POLL-1791314287076-trace status=SUCCEEDED reason=SELECTED_TRACE_SNAPSHOT utc=2026-10-06T19:18:07.589728700Z
POLL-1791314287076-census-page0 status=SUCCEEDED reason=CANDIDATE_SNAPSHOT utc=2026-10-06T19:18:07.950758Z
POLL-1791314287076-census-page1 status=SUCCEEDED reason=CANDIDATE_SNAPSHOT utc=2026-10-06T19:18:08.547757900Z
POLL elapsed=37.4012528 profile=110 goal=30/30 guard=COMMON_GUARDS_CLEAR cycles=0 kills=0 targets=1 exp=0 sp=0 reason=background.visible.autoplay_running travel= recovery=
POLL-1791314289052-trace status=SUCCEEDED reason=SELECTED_TRACE_SNAPSHOT utc=2026-10-06T19:18:09.581756900Z
POLL-1791314289052-census-page0 status=SUCCEEDED reason=CANDIDATE_SNAPSHOT utc=2026-10-06T19:18:10.148757300Z
POLL-1791314289052-census-page1 status=SUCCEEDED reason=CANDIDATE_SNAPSHOT utc=2026-10-06T19:18:10.745760500Z
POLL elapsed=39.5992521 profile=110 goal=30/30 guard=COMMON_GUARDS_CLEAR cycles=0 kills=0 targets=1 exp=0 sp=0 reason=background.visible.autoplay_running travel= recovery=
POLL-1791314291069-trace status=SUCCEEDED reason=SELECTED_TRACE_SNAPSHOT utc=2026-10-06T19:18:11.587886500Z
POLL-1791314291069-census-page0 status=SUCCEEDED reason=CANDIDATE_SNAPSHOT utc=2026-10-06T19:18:11.950874700Z
POLL-1791314291069-census-page1 status=SUCCEEDED reason=CANDIDATE_SNAPSHOT utc=2026-10-06T19:18:12.546875400Z
POLL elapsed=41.4013695 profile=110 goal=30/30 guard=COMMON_GUARDS_CLEAR cycles=0 kills=0 targets=1 exp=0 sp=0 reason=background.visible.autoplay_running travel= recovery=
POLL-1791314293045-trace status=SUCCEEDED reason=SELECTED_TRACE_SNAPSHOT utc=2026-10-06T19:18:13.407876600Z
POLL-1791314293045-census-page0 status=SUCCEEDED reason=CANDIDATE_SNAPSHOT utc=2026-10-06T19:18:13.949876100Z
POLL-1791314293045-census-page1 status=SUCCEEDED reason=CANDIDATE_SNAPSHOT utc=2026-10-06T19:18:14.546876100Z
POLL elapsed=43.4003709 profile=110 goal=30/30 guard=COMMON_GUARDS_CLEAR cycles=0 kills=0 targets=1 exp=0 sp=0 reason=background.visible.autoplay_running travel= recovery=
