окт. 08, 2026 10:56:28 PM org.l2jmobius.gameserver.config.ServerConfig$IPConfigData load
INFO: Network Config: ipconfig.xml does not exist, using automatic configuration...
окт. 08, 2026 10:56:28 PM org.l2jmobius.gameserver.config.ServerConfig$IPConfigData autoIpConfig
INFO: Network Config: Adding new subnet: 127.0.0.0/8 address: 127.0.0.1
окт. 08, 2026 10:56:28 PM org.l2jmobius.gameserver.config.ServerConfig$IPConfigData autoIpConfig
INFO: Network Config: Adding new subnet: 192.168.0.0/24 address: 192.168.0.55
окт. 08, 2026 10:56:28 PM org.l2jmobius.gameserver.config.ServerConfig$IPConfigData autoIpConfig
INFO: Network Config: Adding new subnet: 0.0.0.0/0 address: 89.149.88.222
окт. 08, 2026 10:56:28 PM org.l2jmobius.gameserver.config.ServerConfig loadChatFilter
INFO: Loaded 6 Filter Words.
[main] INFO com.zaxxer.hikari.HikariDataSource - L2JMobiusPool - Starting...
[main] INFO com.zaxxer.hikari.pool.HikariPool - L2JMobiusPool - Added connection com.mysql.cj.jdbc.ConnectionImpl@2fd6b6c7
[main] INFO com.zaxxer.hikari.HikariDataSource - L2JMobiusPool - Start completed.
окт. 08, 2026 10:56:28 PM org.l2jmobius.commons.threads.ThreadPool init
INFO: ThreadPool: Initializing.
окт. 08, 2026 10:56:28 PM org.l2jmobius.commons.threads.ThreadPool init
INFO: ...scheduled pool executor with 16 high priority threads.
окт. 08, 2026 10:56:28 PM org.l2jmobius.commons.threads.ThreadPool init
INFO: ...scheduled pool executor with 64 total threads.
окт. 08, 2026 10:56:28 PM org.l2jmobius.commons.threads.ThreadPool init
INFO: ...instant pool executor with 32 total threads.
окт. 08, 2026 10:56:29 PM org.l2jmobius.gameserver.managers.DatabaseIdManager cleanDatabase
INFO: DatabaseIdManager: Cleaned 0 elements in 0 seconds.
окт. 08, 2026 10:56:29 PM org.l2jmobius.gameserver.managers.DatabaseIdManager cleanCharacterStatus
INFO: DatabaseIdManager: Updated character online status.
окт. 08, 2026 10:56:29 PM org.l2jmobius.gameserver.managers.DatabaseIdManager cleanTimestamps
INFO: DatabaseIdManager: Cleaned 0 expired timestamps.
окт. 08, 2026 10:56:29 PM org.l2jmobius.gameserver.managers.IdManager <init>
INFO: IdManager: 6327296 ids available.
окт. 08, 2026 10:56:29 PM org.l2jmobius.gameserver.model.World <init>
INFO: World: (256 by 272) World Region Grid set up.
окт. 08, 2026 10:56:29 PM org.l2jmobius.gameserver.data.xml.CategoryData load
INFO: CategoryData: Loaded 180 categories.
окт. 08, 2026 10:56:29 PM org.l2jmobius.gameserver.data.xml.ExperienceData load
INFO: ExperienceData: Loaded 86 levels.
окт. 08, 2026 10:56:29 PM org.l2jmobius.gameserver.data.xml.ExperienceData load
INFO: ExperienceData: Max Player Level is 85.
окт. 08, 2026 10:56:29 PM org.l2jmobius.gameserver.data.xml.ExperienceData load
INFO: ExperienceData: Max Pet Level is 85.
окт. 08, 2026 10:56:30 PM org.l2jmobius.gameserver.scripting.ScriptEngine load
INFO: Loaded 425 files to exclude.
окт. 08, 2026 10:56:31 PM handlers.EffectMasterHandler main
INFO: EffectMasterHandler: Loaded 165 effect handlers.
окт. 08, 2026 10:56:31 PM org.l2jmobius.gameserver.data.xml.EnchantSkillGroupsData load
INFO: EnchantSkillGroupsData: Loaded 4 groups and 90 routes.
окт. 08, 2026 10:56:31 PM org.l2jmobius.gameserver.data.xml.SkillTreeData report
INFO: SkillTreeData: Loaded 17176 Class Skills for 103 class skill trees.
окт. 08, 2026 10:56:31 PM org.l2jmobius.gameserver.data.xml.SkillTreeData report
INFO: SkillTreeData: Loaded 76 sub-class skills.
окт. 08, 2026 10:56:31 PM org.l2jmobius.gameserver.data.xml.SkillTreeData report
INFO: SkillTreeData: Loaded 77 transfer skills for 3 transfer skill trees.
окт. 08, 2026 10:56:31 PM org.l2jmobius.gameserver.data.xml.SkillTreeData report
INFO: SkillTreeData: Loaded 117 fishing skills, 8 Dwarven only fishing skills.
окт. 08, 2026 10:56:31 PM org.l2jmobius.gameserver.data.xml.SkillTreeData report
INFO: SkillTreeData: Loaded 3 collect skills.
окт. 08, 2026 10:56:31 PM org.l2jmobius.gameserver.data.xml.SkillTreeData report
INFO: SkillTreeData: Loaded 94 clan skills, 64 for clan and 30 residential.
окт. 08, 2026 10:56:31 PM org.l2jmobius.gameserver.data.xml.SkillTreeData report
INFO: SkillTreeData: Loaded 18 sub-pledge skills.
окт. 08, 2026 10:56:31 PM org.l2jmobius.gameserver.data.xml.SkillTreeData report
INFO: SkillTreeData: Loaded 32 transform skills.
окт. 08, 2026 10:56:31 PM org.l2jmobius.gameserver.data.xml.SkillTreeData report
INFO: SkillTreeData: Loaded 8 noble skills.
окт. 08, 2026 10:56:31 PM org.l2jmobius.gameserver.data.xml.SkillTreeData report
INFO: SkillTreeData: Loaded 5 hero skills.
окт. 08, 2026 10:56:31 PM org.l2jmobius.gameserver.data.xml.SkillTreeData report
INFO: SkillTreeData: Loaded 46 game master skills.
окт. 08, 2026 10:56:31 PM org.l2jmobius.gameserver.data.xml.SkillTreeData report
INFO: SkillTreeData: Loaded 46 game master aura skills.
окт. 08, 2026 10:56:34 PM org.l2jmobius.gameserver.data.xml.SkillData loadAllSkills
INFO: SkillData: Loaded 65965 Skill templates from XML files.
окт. 08, 2026 10:56:35 PM org.l2jmobius.gameserver.data.xml.ItemData load
INFO: ItemData: Highest item id used: 50000
окт. 08, 2026 10:56:35 PM org.l2jmobius.gameserver.data.xml.ItemData load
INFO: ItemData: Loaded 11482 etc items.
окт. 08, 2026 10:56:35 PM org.l2jmobius.gameserver.data.xml.ItemData load
INFO: ItemData: Loaded 3825 armor items.
окт. 08, 2026 10:56:35 PM org.l2jmobius.gameserver.data.xml.ItemData load
INFO: ItemData: Loaded 3893 weapon items.
окт. 08, 2026 10:56:35 PM org.l2jmobius.gameserver.data.xml.ItemData load
INFO: ItemData: Loaded 19200 items in total.
окт. 08, 2026 10:56:35 PM org.l2jmobius.gameserver.data.xml.OptionData load
INFO: OptionData: Loaded 24985 options.
окт. 08, 2026 10:56:35 PM org.l2jmobius.gameserver.data.xml.EnchantItemOptionsData parseDocument
INFO: EnchantItemOptionsData: Loaded 23 items and 1093 options.
окт. 08, 2026 10:56:35 PM org.l2jmobius.gameserver.data.xml.RecipeData load
INFO: RecipeData: Loaded 1000 recipes.
окт. 08, 2026 10:56:35 PM org.l2jmobius.gameserver.data.xml.ClassListData load
INFO: ClassListData: Loaded 103 class data.
окт. 08, 2026 10:56:35 PM org.l2jmobius.gameserver.data.xml.PlayerTemplateData load
INFO: PlayerTemplateData: Loaded 103 player templates.
окт. 08, 2026 10:56:35 PM org.l2jmobius.gameserver.data.xml.PlayerTemplateData load
INFO: PlayerTemplateData: Loaded 52530 level up gain records.
окт. 08, 2026 10:56:35 PM org.l2jmobius.gameserver.data.xml.AdminData load
INFO: AdminData: Loaded 10 access levels.
окт. 08, 2026 10:56:35 PM org.l2jmobius.gameserver.data.xml.AdminData load
INFO: AdminData: Loaded 468 access commands.
окт. 08, 2026 10:56:35 PM org.l2jmobius.gameserver.data.sql.CharInfoTable <init>
INFO: CharInfoTable: Loaded 10002 char names.
окт. 08, 2026 10:56:35 PM org.l2jmobius.gameserver.communitybbs.Manager.ForumsBBSManager initRoot
INFO: ForumsBBSManager: Loaded 4 forums. Last forum id used: 4
окт. 08, 2026 10:56:35 PM org.l2jmobius.gameserver.data.sql.ClanTable <init>
INFO: ClanTable: Restored 0 clans from the database.
окт. 08, 2026 10:56:35 PM org.l2jmobius.gameserver.managers.CHSiegeManager loadClanHalls
INFO: CHSiegeManager: Loaded 6 conquerable clan halls.
окт. 08, 2026 10:56:35 PM org.l2jmobius.gameserver.managers.ClanHallAuctionManager load
INFO: ClanHallAuctionManager: Loaded 38 auction(s)
окт. 08, 2026 10:56:35 PM org.l2jmobius.gameserver.data.sql.ClanHallTable load
INFO: ClanHallTable: Loaded 0 clan halls
окт. 08, 2026 10:56:35 PM org.l2jmobius.gameserver.data.sql.ClanHallTable load
INFO: ClanHallTable: Loaded 38 free clan halls
окт. 08, 2026 10:56:36 PM org.l2jmobius.gameserver.geoengine.GeoEngine <init>
INFO: GeoEngine: Loaded 203 regions.
окт. 08, 2026 10:56:36 PM org.l2jmobius.gameserver.data.xml.SkillLearnData load
INFO: SkillLearnData: Loaded 256 skill learn data.
окт. 08, 2026 10:56:38 PM org.l2jmobius.gameserver.data.xml.NpcData load
INFO: NpcData: Loaded 10461 NPCs.
окт. 08, 2026 10:56:38 PM org.l2jmobius.gameserver.data.xml.NpcData load
INFO: NpcData: Loaded 21 custom NPCs.
окт. 08, 2026 10:56:38 PM org.l2jmobius.gameserver.managers.ZoneManager <init>
INFO: ZoneManager 17 by 18 Zone Region Grid set up.
окт. 08, 2026 10:56:38 PM org.l2jmobius.gameserver.managers.GrandBossManager init
INFO: GrandBossManager: Gigantic Chaos Golem(25512) status is 0.
окт. 08, 2026 10:56:38 PM org.l2jmobius.gameserver.managers.GrandBossManager init
INFO: GrandBossManager: Queen Ant(29001) status is 0.
окт. 08, 2026 10:56:38 PM org.l2jmobius.gameserver.managers.GrandBossManager init
INFO: GrandBossManager: Core(29006) status is 0.
окт. 08, 2026 10:56:38 PM org.l2jmobius.gameserver.managers.GrandBossManager init
INFO: GrandBossManager: Orfen(29014) status is 0.
окт. 08, 2026 10:56:38 PM org.l2jmobius.gameserver.managers.GrandBossManager init
INFO: GrandBossManager: Baium(29020) status is 0.
окт. 08, 2026 10:56:38 PM org.l2jmobius.gameserver.managers.GrandBossManager init
INFO: GrandBossManager: Valakas(29028) status is 0.
окт. 08, 2026 10:56:38 PM org.l2jmobius.gameserver.managers.GrandBossManager init
INFO: GrandBossManager: Antharas(29068) status is 0.
окт. 08, 2026 10:56:38 PM org.l2jmobius.gameserver.managers.GrandBossManager init
INFO: GrandBossManager: Beleth(29118) status is 0.
окт. 08, 2026 10:56:38 PM org.l2jmobius.gameserver.managers.GrandBossManager init
INFO: GrandBossManager: Loaded 8 Instances
окт. 08, 2026 10:56:38 PM org.l2jmobius.gameserver.managers.ZoneManager load
INFO: ZoneManager: Loaded 31 zone classes and 2860 zones.
окт. 08, 2026 10:56:38 PM org.l2jmobius.gameserver.managers.ZoneManager load
INFO: ZoneManager: Last static id 200224.
окт. 08, 2026 10:56:38 PM org.l2jmobius.gameserver.managers.CastleManager loadInstances
INFO: CastleManager: Loaded 9 castles
окт. 08, 2026 10:56:38 PM org.l2jmobius.gameserver.managers.InstanceManager <init>
INFO: InstanceManager: Multiverse Instance created.
окт. 08, 2026 10:56:38 PM org.l2jmobius.gameserver.managers.InstanceManager <init>
INFO: InstanceManager: Universe Instance created.
окт. 08, 2026 10:56:38 PM org.l2jmobius.gameserver.managers.InstanceManager load
INFO: InstanceManager: Loaded 160 instance names.
окт. 08, 2026 10:56:38 PM org.l2jmobius.gameserver.managers.InstanceManager load
INFO: InstanceManager: Loaded 142 instance templates.
окт. 08, 2026 10:56:38 PM org.l2jmobius.gameserver.managers.GrandBossManager initZones
INFO: GrandBossManager: Initialized 8 Grand Boss Zones
окт. 08, 2026 10:56:39 PM org.l2jmobius.gameserver.managers.WalkingManager load
INFO: WalkingManager: Loaded 123 walking routes.
окт. 08, 2026 10:56:39 PM org.l2jmobius.gameserver.model.olympiad.Hero init
INFO: Hero System: Loaded 0 Heroes.
окт. 08, 2026 10:56:39 PM org.l2jmobius.gameserver.model.olympiad.Hero init
INFO: Hero System: Loaded 0 all time Heroes.
окт. 08, 2026 10:56:39 PM org.l2jmobius.gameserver.model.sevensigns.SevenSigns <init>
INFO: SevenSigns: Currently in the Seal Validation period!
окт. 08, 2026 10:56:39 PM org.l2jmobius.gameserver.model.sevensigns.SevenSigns initializeSeals
INFO: SevenSigns: The Seal of Avarice remains unclaimed.
окт. 08, 2026 10:56:39 PM org.l2jmobius.gameserver.model.sevensigns.SevenSigns initializeSeals
INFO: SevenSigns: The Seal of Gnosis remains unclaimed.
окт. 08, 2026 10:56:39 PM org.l2jmobius.gameserver.model.sevensigns.SevenSigns initializeSeals
INFO: SevenSigns: The Seal of Strife remains unclaimed.
окт. 08, 2026 10:56:39 PM org.l2jmobius.gameserver.model.sevensigns.SevenSigns <init>
INFO: SevenSigns: The competition ended with a tie last week.
окт. 08, 2026 10:56:39 PM org.l2jmobius.gameserver.model.sevensigns.SevenSigns setCalendarForNextPeriodChange
INFO: SevenSigns: Next period change set to Mon Oct 12 18:00:39 EEST 2026
окт. 08, 2026 10:56:39 PM org.l2jmobius.gameserver.model.sevensigns.SevenSigns <init>
INFO: SevenSigns: Next period begins in 3 days, 19 hours, 3 minutes, 59 seconds, 994 milliseconds
окт. 08, 2026 10:56:39 PM org.l2jmobius.gameserver.managers.CursedWeaponsManager init
INFO: CursedWeaponsManager: Loaded : 2 cursed weapon(s).
окт. 08, 2026 10:56:41 PM org.l2jmobius.gameserver.phantoms.player.PhantomMaterializedPlayer recordCleanupFailure
WARNING: Phantom cleanup first incident PhantomCleanupIncident[objectId=268435465, epoch=217575656444500, sequence=1, utc=2026-10-08T19:56:41.025147100Z, phase=PRE_STORE, hook=BEFORE_STORE_OPERATION, admittedActions=0, exceptionClass=org.l2jmobius.gameserver.phantoms.PhantomServerShutdownHandoffSuite$PersistentFailure, message=, detail=primary org.l2jmobius.gameserver.phantoms.PhantomServerShutdownHandoffSuite$PersistentFailure: 
 at org.l2jmobius.gameserver.phantoms.PhantomServerShutdownHandoffSuite.lambda$testPersistentFailure$0(PhantomServerShutdownHandoffSuite.java:361)
 at org.l2jmobius.gameserver.phantoms.player.PhantomMaterializedPlayer.failAfter(PhantomMaterializedPlayer.java:632)
 at org.l2jmobius.gameserver.phantoms.player.PhantomMaterializedPlayer.lambda$cleanup$1(PhantomMaterializedPlayer.java:393)
 at org.l2jmobius.gameserver.phantoms.player.PhantomNativeWorkScope.lambda$terminalStore$0(PhantomNativeWorkScope.java:312)
 at org.l2jmobius.gameserver.phantoms.player.PhantomNativeWorkScope.checkpoint(PhantomNativeWorkScope.java:339)
 at org.l2jmobius.gameserver.phantoms.player.PhantomNativeWorkScope.terminalStore(PhantomNativeWorkScope.java:312)
 at org.l2jmobius.gameserver.phantoms.player.PhantomMaterializedPlayer.cleanup(PhantomMaterializedPlayer.java:386)
 at org.l2jmobius.gameserver.phantoms.player.PhantomMaterializationService.performCleanupEntry(PhantomMaterializationService.java:563)
 at org.l2jmobius.gameserver.phantoms.player.PhantomMaterializationService.cleanupEntry(PhantomMaterializationService.java:542)
 at org.l2jmobius.gameserver.phantoms.player.PhantomMaterializationService.lambda$requestCleanup$0(PhantomMaterializationService.java:452)
 at org.l2jmobius.commons.threads.ThreadPool$RunnableWrapper.run(ThreadPool.java:327)
 at java.base/java.util.concurrent.ThreadPoolExecutor.runWorker(ThreadPoolExecutor.java:1090)
 at java.base/java.util.concurrent.ThreadPoolExecutor$Worker.run(ThreadPoolExecutor.java:614)
 at java.base/java.lang.Thread.run(Thread.java:1474)
, nodes=1, frames=14, truncated=false]
окт. 08, 2026 10:56:41 PM org.l2jmobius.commons.threads.ThreadPool shutdown
INFO: ThreadPool: Shutting down all thread pools.
[main] INFO com.zaxxer.hikari.HikariDataSource - L2JMobiusPool - Shutdown initiated...
[main] INFO com.zaxxer.hikari.HikariDataSource - L2JMobiusPool - Shutdown completed.
окт. 08, 2026 10:56:41 PM org.l2jmobius.commons.database.DatabaseFactory close
INFO: Database: HikariCP pool closed successfully.
[PASS] server-shutdown-handoff.01-managed-classifier-fails-closed
[PASS] server-shutdown-handoff.02-two-phase-server-policy-and-source-order
[PASS] server-shutdown-handoff.03-in-flight-drain-reused-before-thread-pool-phase
[PASS] server-shutdown-handoff.04-persistent-failure-retains-configured-ownership
[PASS] server-shutdown-handoff.05-in-flight-scheduler-pulse-retains-configured-system
[PASS] server-shutdown-handoff.06-navigation-only-blocker-snapshot
[PASS] server-shutdown-handoff.07-final-diagnostic-includes-navigation-state
[PASS] server-shutdown-handoff.08-configured-stop-awaits-original-ecology-worker-finally
SUMMARY: suite=server-shutdown-handoff seed=23002301 total=8 passed=8 failed=0
