окт. 08, 2026 2:02:35 AM org.l2jmobius.gameserver.config.ServerConfig$IPConfigData load
INFO: Network Config: ipconfig.xml does not exist, using automatic configuration...
окт. 08, 2026 2:02:35 AM org.l2jmobius.gameserver.config.ServerConfig$IPConfigData autoIpConfig
INFO: Network Config: Adding new subnet: 127.0.0.0/8 address: 127.0.0.1
окт. 08, 2026 2:02:35 AM org.l2jmobius.gameserver.config.ServerConfig$IPConfigData autoIpConfig
INFO: Network Config: Adding new subnet: 192.168.0.0/24 address: 192.168.0.55
окт. 08, 2026 2:02:35 AM org.l2jmobius.gameserver.config.ServerConfig$IPConfigData autoIpConfig
INFO: Network Config: Adding new subnet: 0.0.0.0/0 address: 89.149.88.222
окт. 08, 2026 2:02:35 AM org.l2jmobius.gameserver.config.ServerConfig loadChatFilter
INFO: Loaded 6 Filter Words.
[main] INFO com.zaxxer.hikari.HikariDataSource - L2JMobiusPool - Starting...
[main] INFO com.zaxxer.hikari.pool.HikariPool - L2JMobiusPool - Added connection com.mysql.cj.jdbc.ConnectionImpl@48ae9b55
[main] INFO com.zaxxer.hikari.HikariDataSource - L2JMobiusPool - Start completed.
окт. 08, 2026 2:02:35 AM org.l2jmobius.commons.threads.ThreadPool init
INFO: ThreadPool: Initializing.
окт. 08, 2026 2:02:35 AM org.l2jmobius.commons.threads.ThreadPool init
INFO: ...scheduled pool executor with 16 high priority threads.
окт. 08, 2026 2:02:35 AM org.l2jmobius.commons.threads.ThreadPool init
INFO: ...scheduled pool executor with 64 total threads.
окт. 08, 2026 2:02:35 AM org.l2jmobius.commons.threads.ThreadPool init
INFO: ...instant pool executor with 32 total threads.
окт. 08, 2026 2:02:36 AM org.l2jmobius.gameserver.managers.DatabaseIdManager cleanDatabase
INFO: DatabaseIdManager: Cleaned 0 elements in 0 seconds.
окт. 08, 2026 2:02:36 AM org.l2jmobius.gameserver.managers.DatabaseIdManager cleanCharacterStatus
INFO: DatabaseIdManager: Updated character online status.
окт. 08, 2026 2:02:36 AM org.l2jmobius.gameserver.managers.DatabaseIdManager cleanTimestamps
INFO: DatabaseIdManager: Cleaned 0 expired timestamps.
окт. 08, 2026 2:02:36 AM org.l2jmobius.gameserver.managers.IdManager <init>
INFO: IdManager: 6327296 ids available.
окт. 08, 2026 2:02:36 AM org.l2jmobius.gameserver.model.World <init>
INFO: World: (256 by 272) World Region Grid set up.
окт. 08, 2026 2:02:36 AM org.l2jmobius.gameserver.data.xml.CategoryData load
INFO: CategoryData: Loaded 180 categories.
окт. 08, 2026 2:02:37 AM org.l2jmobius.gameserver.data.xml.ExperienceData load
INFO: ExperienceData: Loaded 86 levels.
окт. 08, 2026 2:02:37 AM org.l2jmobius.gameserver.data.xml.ExperienceData load
INFO: ExperienceData: Max Player Level is 85.
окт. 08, 2026 2:02:37 AM org.l2jmobius.gameserver.data.xml.ExperienceData load
INFO: ExperienceData: Max Pet Level is 85.
окт. 08, 2026 2:02:37 AM org.l2jmobius.gameserver.scripting.ScriptEngine load
INFO: Loaded 425 files to exclude.
окт. 08, 2026 2:02:38 AM handlers.EffectMasterHandler main
INFO: EffectMasterHandler: Loaded 165 effect handlers.
окт. 08, 2026 2:02:38 AM org.l2jmobius.gameserver.data.xml.EnchantSkillGroupsData load
INFO: EnchantSkillGroupsData: Loaded 4 groups and 90 routes.
окт. 08, 2026 2:02:38 AM org.l2jmobius.gameserver.data.xml.SkillTreeData report
INFO: SkillTreeData: Loaded 17176 Class Skills for 103 class skill trees.
окт. 08, 2026 2:02:38 AM org.l2jmobius.gameserver.data.xml.SkillTreeData report
INFO: SkillTreeData: Loaded 76 sub-class skills.
окт. 08, 2026 2:02:38 AM org.l2jmobius.gameserver.data.xml.SkillTreeData report
INFO: SkillTreeData: Loaded 77 transfer skills for 3 transfer skill trees.
окт. 08, 2026 2:02:38 AM org.l2jmobius.gameserver.data.xml.SkillTreeData report
INFO: SkillTreeData: Loaded 117 fishing skills, 8 Dwarven only fishing skills.
окт. 08, 2026 2:02:38 AM org.l2jmobius.gameserver.data.xml.SkillTreeData report
INFO: SkillTreeData: Loaded 3 collect skills.
окт. 08, 2026 2:02:38 AM org.l2jmobius.gameserver.data.xml.SkillTreeData report
INFO: SkillTreeData: Loaded 94 clan skills, 64 for clan and 30 residential.
окт. 08, 2026 2:02:38 AM org.l2jmobius.gameserver.data.xml.SkillTreeData report
INFO: SkillTreeData: Loaded 18 sub-pledge skills.
окт. 08, 2026 2:02:38 AM org.l2jmobius.gameserver.data.xml.SkillTreeData report
INFO: SkillTreeData: Loaded 32 transform skills.
окт. 08, 2026 2:02:38 AM org.l2jmobius.gameserver.data.xml.SkillTreeData report
INFO: SkillTreeData: Loaded 8 noble skills.
окт. 08, 2026 2:02:38 AM org.l2jmobius.gameserver.data.xml.SkillTreeData report
INFO: SkillTreeData: Loaded 5 hero skills.
окт. 08, 2026 2:02:38 AM org.l2jmobius.gameserver.data.xml.SkillTreeData report
INFO: SkillTreeData: Loaded 46 game master skills.
окт. 08, 2026 2:02:38 AM org.l2jmobius.gameserver.data.xml.SkillTreeData report
INFO: SkillTreeData: Loaded 46 game master aura skills.
окт. 08, 2026 2:02:41 AM org.l2jmobius.gameserver.data.xml.SkillData loadAllSkills
INFO: SkillData: Loaded 65965 Skill templates from XML files.
окт. 08, 2026 2:02:42 AM org.l2jmobius.gameserver.data.xml.ItemData load
INFO: ItemData: Highest item id used: 50000
окт. 08, 2026 2:02:42 AM org.l2jmobius.gameserver.data.xml.ItemData load
INFO: ItemData: Loaded 11482 etc items.
окт. 08, 2026 2:02:42 AM org.l2jmobius.gameserver.data.xml.ItemData load
INFO: ItemData: Loaded 3825 armor items.
окт. 08, 2026 2:02:42 AM org.l2jmobius.gameserver.data.xml.ItemData load
INFO: ItemData: Loaded 3893 weapon items.
окт. 08, 2026 2:02:42 AM org.l2jmobius.gameserver.data.xml.ItemData load
INFO: ItemData: Loaded 19200 items in total.
окт. 08, 2026 2:02:42 AM org.l2jmobius.gameserver.data.xml.OptionData load
INFO: OptionData: Loaded 24985 options.
окт. 08, 2026 2:02:42 AM org.l2jmobius.gameserver.data.xml.EnchantItemOptionsData parseDocument
INFO: EnchantItemOptionsData: Loaded 23 items and 1093 options.
окт. 08, 2026 2:02:42 AM org.l2jmobius.gameserver.data.xml.RecipeData load
INFO: RecipeData: Loaded 1000 recipes.
окт. 08, 2026 2:02:42 AM org.l2jmobius.gameserver.data.xml.ClassListData load
INFO: ClassListData: Loaded 103 class data.
окт. 08, 2026 2:02:42 AM org.l2jmobius.gameserver.data.xml.PlayerTemplateData load
INFO: PlayerTemplateData: Loaded 103 player templates.
окт. 08, 2026 2:02:42 AM org.l2jmobius.gameserver.data.xml.PlayerTemplateData load
INFO: PlayerTemplateData: Loaded 52530 level up gain records.
окт. 08, 2026 2:02:42 AM org.l2jmobius.gameserver.data.xml.AdminData load
INFO: AdminData: Loaded 10 access levels.
окт. 08, 2026 2:02:42 AM org.l2jmobius.gameserver.data.xml.AdminData load
INFO: AdminData: Loaded 468 access commands.
окт. 08, 2026 2:02:42 AM org.l2jmobius.gameserver.data.sql.CharInfoTable <init>
INFO: CharInfoTable: Loaded 10004 char names.
окт. 08, 2026 2:02:42 AM org.l2jmobius.gameserver.communitybbs.Manager.ForumsBBSManager initRoot
INFO: ForumsBBSManager: Loaded 4 forums. Last forum id used: 4
окт. 08, 2026 2:02:42 AM org.l2jmobius.gameserver.data.sql.ClanTable <init>
INFO: ClanTable: Restored 0 clans from the database.
окт. 08, 2026 2:02:42 AM org.l2jmobius.gameserver.managers.CHSiegeManager loadClanHalls
INFO: CHSiegeManager: Loaded 6 conquerable clan halls.
окт. 08, 2026 2:02:42 AM org.l2jmobius.gameserver.managers.ClanHallAuctionManager load
INFO: ClanHallAuctionManager: Loaded 38 auction(s)
окт. 08, 2026 2:02:42 AM org.l2jmobius.gameserver.data.sql.ClanHallTable load
INFO: ClanHallTable: Loaded 0 clan halls
окт. 08, 2026 2:02:42 AM org.l2jmobius.gameserver.data.sql.ClanHallTable load
INFO: ClanHallTable: Loaded 38 free clan halls
окт. 08, 2026 2:02:43 AM org.l2jmobius.gameserver.geoengine.GeoEngine <init>
INFO: GeoEngine: Loaded 203 regions.
окт. 08, 2026 2:02:43 AM org.l2jmobius.gameserver.data.xml.SkillLearnData load
INFO: SkillLearnData: Loaded 256 skill learn data.
окт. 08, 2026 2:02:45 AM org.l2jmobius.gameserver.data.xml.NpcData load
INFO: NpcData: Loaded 10461 NPCs.
окт. 08, 2026 2:02:45 AM org.l2jmobius.gameserver.data.xml.NpcData load
INFO: NpcData: Loaded 21 custom NPCs.
окт. 08, 2026 2:02:45 AM org.l2jmobius.gameserver.managers.ZoneManager <init>
INFO: ZoneManager 17 by 18 Zone Region Grid set up.
окт. 08, 2026 2:02:45 AM org.l2jmobius.gameserver.managers.GrandBossManager init
INFO: GrandBossManager: Gigantic Chaos Golem(25512) status is 0.
окт. 08, 2026 2:02:45 AM org.l2jmobius.gameserver.managers.GrandBossManager init
INFO: GrandBossManager: Queen Ant(29001) status is 0.
окт. 08, 2026 2:02:45 AM org.l2jmobius.gameserver.managers.GrandBossManager init
INFO: GrandBossManager: Core(29006) status is 0.
окт. 08, 2026 2:02:45 AM org.l2jmobius.gameserver.managers.GrandBossManager init
INFO: GrandBossManager: Orfen(29014) status is 0.
окт. 08, 2026 2:02:45 AM org.l2jmobius.gameserver.managers.GrandBossManager init
INFO: GrandBossManager: Baium(29020) status is 0.
окт. 08, 2026 2:02:45 AM org.l2jmobius.gameserver.managers.GrandBossManager init
INFO: GrandBossManager: Valakas(29028) status is 0.
окт. 08, 2026 2:02:45 AM org.l2jmobius.gameserver.managers.GrandBossManager init
INFO: GrandBossManager: Antharas(29068) status is 0.
окт. 08, 2026 2:02:45 AM org.l2jmobius.gameserver.managers.GrandBossManager init
INFO: GrandBossManager: Beleth(29118) status is 0.
окт. 08, 2026 2:02:45 AM org.l2jmobius.gameserver.managers.GrandBossManager init
INFO: GrandBossManager: Loaded 8 Instances
окт. 08, 2026 2:02:45 AM org.l2jmobius.gameserver.managers.ZoneManager load
INFO: ZoneManager: Loaded 31 zone classes and 2860 zones.
окт. 08, 2026 2:02:45 AM org.l2jmobius.gameserver.managers.ZoneManager load
INFO: ZoneManager: Last static id 200224.
окт. 08, 2026 2:02:45 AM org.l2jmobius.gameserver.managers.CastleManager loadInstances
INFO: CastleManager: Loaded 9 castles
окт. 08, 2026 2:02:45 AM org.l2jmobius.gameserver.managers.InstanceManager <init>
INFO: InstanceManager: Multiverse Instance created.
окт. 08, 2026 2:02:45 AM org.l2jmobius.gameserver.managers.InstanceManager <init>
INFO: InstanceManager: Universe Instance created.
окт. 08, 2026 2:02:45 AM org.l2jmobius.gameserver.managers.InstanceManager load
INFO: InstanceManager: Loaded 160 instance names.
окт. 08, 2026 2:02:46 AM org.l2jmobius.gameserver.managers.InstanceManager load
INFO: InstanceManager: Loaded 142 instance templates.
окт. 08, 2026 2:02:46 AM org.l2jmobius.gameserver.managers.GrandBossManager initZones
INFO: GrandBossManager: Initialized 8 Grand Boss Zones
окт. 08, 2026 2:02:46 AM org.l2jmobius.gameserver.managers.WalkingManager load
INFO: WalkingManager: Loaded 123 walking routes.
окт. 08, 2026 2:02:46 AM org.l2jmobius.gameserver.model.olympiad.Hero init
INFO: Hero System: Loaded 0 Heroes.
окт. 08, 2026 2:02:46 AM org.l2jmobius.gameserver.model.olympiad.Hero init
INFO: Hero System: Loaded 0 all time Heroes.
окт. 08, 2026 2:02:46 AM org.l2jmobius.gameserver.model.sevensigns.SevenSigns <init>
INFO: SevenSigns: Currently in the Seal Validation period!
окт. 08, 2026 2:02:46 AM org.l2jmobius.gameserver.model.sevensigns.SevenSigns initializeSeals
INFO: SevenSigns: The Seal of Avarice remains unclaimed.
окт. 08, 2026 2:02:46 AM org.l2jmobius.gameserver.model.sevensigns.SevenSigns initializeSeals
INFO: SevenSigns: The Seal of Gnosis remains unclaimed.
окт. 08, 2026 2:02:46 AM org.l2jmobius.gameserver.model.sevensigns.SevenSigns initializeSeals
INFO: SevenSigns: The Seal of Strife remains unclaimed.
окт. 08, 2026 2:02:46 AM org.l2jmobius.gameserver.model.sevensigns.SevenSigns <init>
INFO: SevenSigns: The competition ended with a tie last week.
окт. 08, 2026 2:02:46 AM org.l2jmobius.gameserver.model.sevensigns.SevenSigns setCalendarForNextPeriodChange
INFO: SevenSigns: Next period change set to Mon Oct 12 18:00:46 EEST 2026
окт. 08, 2026 2:02:46 AM org.l2jmobius.gameserver.model.sevensigns.SevenSigns <init>
INFO: SevenSigns: Next period begins in 4 days, 15 hours, 57 minutes, 59 seconds, 994 milliseconds
окт. 08, 2026 2:02:46 AM org.l2jmobius.gameserver.managers.CursedWeaponsManager init
INFO: CursedWeaponsManager: Loaded : 2 cursed weapon(s).
окт. 08, 2026 2:02:48 AM handlers.MasterHandler main
INFO: Loading Handlers...
окт. 08, 2026 2:02:49 AM handlers.MasterHandler main
INFO: ActionClickHandler: Loaded 10 handlers.
окт. 08, 2026 2:02:49 AM handlers.MasterHandler main
INFO: ActionShiftHandler: Loaded 6 handlers.
окт. 08, 2026 2:02:49 AM handlers.MasterHandler main
INFO: AdminCommandHandler: Loaded 479 handlers.
окт. 08, 2026 2:02:49 AM handlers.MasterHandler main
INFO: BypassHandler: Loaded 47 handlers.
окт. 08, 2026 2:02:49 AM handlers.MasterHandler main
INFO: ChatHandler: Loaded 14 handlers.
окт. 08, 2026 2:02:49 AM handlers.MasterHandler main
INFO: CommunityBoardHandler: Loaded 25 handlers.
окт. 08, 2026 2:02:49 AM handlers.MasterHandler main
INFO: ItemHandler: Loaded 30 handlers.
окт. 08, 2026 2:02:49 AM handlers.MasterHandler main
INFO: PunishmentHandler: Loaded 3 handlers.
окт. 08, 2026 2:02:49 AM handlers.MasterHandler main
INFO: UserCommandHandler: Loaded 17 handlers.
окт. 08, 2026 2:02:49 AM handlers.MasterHandler main
INFO: VoicedCommandHandler: Loaded 10 handlers.
окт. 08, 2026 2:02:49 AM handlers.MasterHandler main
INFO: TargetHandler: Loaded 34 handlers.
окт. 08, 2026 2:02:49 AM handlers.MasterHandler main
INFO: Handlers Loaded...
окт. 08, 2026 2:02:49 AM org.l2jmobius.gameserver.data.xml.DoorData parseDocument
INFO: DoorData: Loaded 1301 doors.
окт. 08, 2026 2:02:49 AM org.l2jmobius.gameserver.data.xml.FenceData load
INFO: FenceData: Loaded 1 fences.
окт. 08, 2026 2:02:49 AM org.l2jmobius.gameserver.data.xml.HitConditionBonusData load
INFO: HitConditionBonusData: Loaded hit condition bonuses.
окт. 08, 2026 2:02:52 AM org.l2jmobius.gameserver.model.sevensigns.SevenSignsFestival <init>
INFO: SevenSignsFestival: Initialization bypassed due to Seal Validation in effect.
окт. 08, 2026 2:02:57 AM org.l2jmobius.gameserver.managers.RaidBossSpawnManager load
INFO: RaidBossSpawnManager: Loaded 188 Instances
окт. 08, 2026 2:02:57 AM org.l2jmobius.gameserver.managers.RaidBossSpawnManager load
INFO: RaidBossSpawnManager: Scheduled 0 Instances
окт. 08, 2026 2:03:05 AM org.l2jmobius.gameserver.model.actor.Creature callSkillNative
WARNING: Player: callSkill() failed.
java.lang.IllegalStateException: TEST023_AFTER_NATIVE_HP_WRITER
	at org.l2jmobius.tests.phantoms.PhantomLivingWorld023Suite$AfterNativeWriterFailure.reduceCurrentHp(PhantomLivingWorld023Suite.java:129)
	at org.l2jmobius.gameserver.model.actor.Attackable.reduceCurrentHp(Attackable.java:228)
	at handlers.skill.effects.MagicalDamage.onStart(MagicalDamage.java:94)
	at org.l2jmobius.gameserver.model.skill.Skill.applyEffectScope(Skill.java:1293)
	at org.l2jmobius.gameserver.model.skill.Skill.applyEffects(Skill.java:1366)
	at org.l2jmobius.gameserver.model.skill.Skill.applyEffects(Skill.java:1313)
	at org.l2jmobius.gameserver.model.skill.Skill.activateSkill(Skill.java:1449)
	at org.l2jmobius.gameserver.model.skill.Skill.activateSkill(Skill.java:1411)
	at org.l2jmobius.gameserver.model.actor.Creature.callSkillNative(Creature.java:6322)
	at org.l2jmobius.gameserver.model.actor.Creature.lambda$callSkill$1(Creature.java:6242)
	at org.l2jmobius.gameserver.model.actor.PlayerNativeWork$ParticipantWork.run(PlayerNativeWork.java:520)
	at org.l2jmobius.gameserver.model.actor.PlayerNativeWork.run(PlayerNativeWork.java:282)
	at org.l2jmobius.gameserver.model.actor.PlayerNativeWork.runCombat(PlayerNativeWork.java:372)
	at org.l2jmobius.gameserver.model.actor.Creature.lambda$callSkill$0(Creature.java:6242)
	at org.l2jmobius.gameserver.model.actor.PlayerNativeWork.lambda$runAtNativeWriteBoundary$1(PlayerNativeWork.java:316)
	at org.l2jmobius.gameserver.model.actor.PlayerNativeWork$ParticipantWork.run(PlayerNativeWork.java:520)
	at org.l2jmobius.gameserver.model.actor.PlayerNativeWork.lambda$runAtNativeWriteBoundary$0(PlayerNativeWork.java:316)
	at org.l2jmobius.gameserver.model.actor.PlayerNativeWork$ParticipantWork.run(PlayerNativeWork.java:520)
	at org.l2jmobius.gameserver.model.actor.PlayerNativeWork.runAtNativeWriteBoundary(PlayerNativeWork.java:303)
	at org.l2jmobius.gameserver.model.actor.Creature.callSkill(Creature.java:6241)
	at org.l2jmobius.gameserver.model.actor.Player.lambda$callSkill$0(Player.java:5018)
	at org.l2jmobius.gameserver.model.actor.PlayerNativeWork.run(PlayerNativeWork.java:613)
	at org.l2jmobius.gameserver.model.actor.Player.runPhantomNativeAction(Player.java:499)
	at org.l2jmobius.gameserver.model.actor.Player.callSkill(Player.java:5018)
	at org.l2jmobius.gameserver.model.actor.Creature.onMagicHitTimer(Creature.java:6094)
	at org.l2jmobius.gameserver.model.actor.Player.lambda$onMagicHitTimer$0(Player.java:5006)
	at org.l2jmobius.gameserver.model.actor.PlayerNativeWork.run(PlayerNativeWork.java:613)
	at org.l2jmobius.gameserver.model.actor.Player.runPhantomNativeAction(Player.java:499)
	at org.l2jmobius.gameserver.model.actor.Player.onMagicHitTimer(Player.java:5006)
	at org.l2jmobius.gameserver.model.actor.tasks.creature.MagicUseTask.run(MagicUseTask.java:78)
	at org.l2jmobius.gameserver.model.actor.PlayerNativeWork$ParticipantWork.run(PlayerNativeWork.java:520)
	at org.l2jmobius.gameserver.model.actor.PlayerNativeWork.lambda$schedule$0(PlayerNativeWork.java:382)
	at org.l2jmobius.commons.threads.ThreadPool$RunnableWrapper.run(ThreadPool.java:327)
	at java.base/java.util.concurrent.Executors$RunnableAdapter.call(Executors.java:545)
	at java.base/java.util.concurrent.FutureTask.run(FutureTask.java:328)
	at java.base/java.util.concurrent.ScheduledThreadPoolExecutor$ScheduledFutureTask.run(ScheduledThreadPoolExecutor.java:309)
	at java.base/java.util.concurrent.ThreadPoolExecutor.runWorker(ThreadPoolExecutor.java:1090)
	at java.base/java.util.concurrent.ThreadPoolExecutor$Worker.run(ThreadPoolExecutor.java:614)
	at java.base/java.lang.Thread.run(Thread.java:1474)

окт. 08, 2026 2:03:22 AM org.l2jmobius.commons.threads.ThreadPool shutdown
INFO: ThreadPool: Shutting down all thread pools.
[main] INFO com.zaxxer.hikari.HikariDataSource - L2JMobiusPool - Shutdown initiated...
[main] INFO com.zaxxer.hikari.HikariDataSource - L2JMobiusPool - Shutdown completed.
окт. 08, 2026 2:03:22 AM org.l2jmobius.commons.database.DatabaseFactory close
INFO: Database: HikariCP pool closed successfully.
[PASS] living-world023.N02-late-real-native-damage-open-owner-completes-cast
[PASS] living-world023.N03-N04-native-boundary-body-failure
[PASS] living-world023.N03-N04-native-boundary-earned-failure-drain
[PASS] living-world023.N03-N04-native-boundary-open
[PASS] living-world023.N03-N04-native-boundary-replaced-epoch
[PASS] living-world023.N03-N04-native-boundary-sealed
[PASS] living-world023.N03-N04-native-boundary-strict-delayed
[FAIL] living-world023.N03-N04-physical-open - java.lang.AssertionError: Dynamic recipient fixture requires its already validated exact database lane. Expected <l2jmobiush5_phantom_test> but was <l2jmobiush5_localplay_contract025b>. seed=23002301
[FAIL] living-world023.N03-N04-physical-ordinary - java.lang.AssertionError: Dynamic recipient fixture requires its already validated exact database lane. Expected <l2jmobiush5_phantom_test> but was <l2jmobiush5_localplay_contract025b>. seed=23002301
[FAIL] living-world023.N03-N04-physical-sealed - java.lang.AssertionError: Dynamic recipient fixture requires its already validated exact database lane. Expected <l2jmobiush5_phantom_test> but was <l2jmobiush5_localplay_contract025b>. seed=23002301
[PASS] living-world023.N04-real-cast-after-native-writer-exception-is-retained
[PASS] living-world023.N06-old-published-callback-cannot-abort-new-native-cast
SUMMARY: suite=living-world023 seed=23002301 total=12 passed=9 failed=3
