test_bad_identity (test_audit_lifetimes030.LedgerTest.test_bad_identity) ... ok
test_basic (test_audit_lifetimes030.LedgerTest.test_basic) ... ok
test_conflicting_duplicate (test_audit_lifetimes030.LedgerTest.test_conflicting_duplicate) ... ok
test_exact_duplicate_event (test_audit_lifetimes030.LedgerTest.test_exact_duplicate_event) ... ok
test_exporter_failure_sticky (test_audit_lifetimes030.LedgerTest.test_exporter_failure_sticky) ... ok
test_final_without_prepare (test_audit_lifetimes030.LedgerTest.test_final_without_prepare) ... ok
test_incarnation_namespace_not_epoch_alone (test_audit_lifetimes030.LedgerTest.test_incarnation_namespace_not_epoch_alone) ... ok
test_missing_birth_counter (test_audit_lifetimes030.LedgerTest.test_missing_birth_counter) ... ok
test_missing_register_is_not_reconstructed (test_audit_lifetimes030.LedgerTest.test_missing_register_is_not_reconstructed) ... ok
test_more_than_old_profile_and_lifetime_caps (test_audit_lifetimes030.LedgerTest.test_more_than_old_profile_and_lifetime_caps) ... ok
test_no_outstanding_at_terminal (test_audit_lifetimes030.LedgerTest.test_no_outstanding_at_terminal) ... ok
test_no_run_end (test_audit_lifetimes030.LedgerTest.test_no_run_end) ... ok
test_nonempty_pending_prepare_prevents_terminal_pass (test_audit_lifetimes030.LedgerTest.test_nonempty_pending_prepare_prevents_terminal_pass) ... ok
test_reordered_files_keep_sequence_semantics (test_audit_lifetimes030.LedgerTest.test_reordered_files_keep_sequence_semantics) ... ok
test_repeated_profile_epochs (test_audit_lifetimes030.LedgerTest.test_repeated_profile_epochs) ... ok
test_temporary_seal_not_terminal (test_audit_lifetimes030.LedgerTest.test_temporary_seal_not_terminal) ... ok
test_terminal_receipt_must_be_last_finalized (test_audit_lifetimes030.LedgerTest.test_terminal_receipt_must_be_last_finalized) ... ok
test_unfinished_second_epoch_does_not_get_old_receipt (test_audit_lifetimes030.LedgerTest.test_unfinished_second_epoch_does_not_get_old_receipt) ... ok

----------------------------------------------------------------------
Ran 18 tests in 0.067s

OK
