INFO: ThreadPool: Shutting down all thread pools.
[main] INFO com.zaxxer.hikari.HikariDataSource - L2JMobiusPool - Shutdown initiated...
[main] INFO com.zaxxer.hikari.HikariDataSource - L2JMobiusPool - Shutdown completed.
окт. 09, 2026 9:15:07 PM org.l2jmobius.commons.database.DatabaseFactory close
INFO: Database: HikariCP pool closed successfully.
[PASS] checkpoint-recovery025.R01-cold-pending-before-baseline
[PASS] checkpoint-recovery025.R07-exact-failed-baseline-recovery
[PASS] checkpoint-recovery025.R09-native-combat-capture-defers-before-write
[PASS] checkpoint-recovery025.R11-inventory-flush-without-receipt-stays-fenced
[PASS] checkpoint-recovery025.R12-prepared-receipt-control-resume
[PASS] checkpoint-recovery025.R13-native-receipt-finalize-once
[PASS] checkpoint-recovery025.R14-finalized-publication-without-new-store
[PASS] checkpoint-recovery025.R15-proven-no-write-stale-goal-replans
SUMMARY: suite=checkpoint-recovery025 seed=25002501 total=8 passed=8 failed=0
окт. 09, 2026 9:15:47 PM org.l2jmobius.gameserver.data.xml.TeleporterData load
INFO: TeleporterData: Loaded 195 npc teleporters.
окт. 09, 2026 9:15:48 PM org.l2jmobius.gameserver.model.sevensigns.SevenSignsFestival <init>
INFO: SevenSignsFestival: Initialization bypassed due to Seal Validation in effect.
окт. 09, 2026 9:15:51 PM org.l2jmobius.commons.threads.ThreadPool shutdown
INFO: ThreadPool: Shutting down all thread pools.
[main] INFO com.zaxxer.hikari.HikariDataSource - L2JMobiusPool - Shutdown initiated...
[main] INFO com.zaxxer.hikari.HikariDataSource - L2JMobiusPool - Shutdown completed.
окт. 09, 2026 9:15:51 PM org.l2jmobius.commons.database.DatabaseFactory close
INFO: Database: HikariCP pool closed successfully.
[PASS] checkpoint-drain025.R21-stock-earned-callback-before-store
[PASS] checkpoint-drain025.R22-two-exact-control-waits-release-workers
[PASS] checkpoint-drain025.R30-visible-binding-preserves-admitted-checkpoint
SUMMARY: suite=checkpoint-drain025 seed=25002502 total=3 passed=3 failed=0
[main] INFO com.zaxxer.hikari.HikariDataSource - L2JMobiusPool - Shutdown completed.
окт. 09, 2026 9:16:29 PM org.l2jmobius.commons.database.DatabaseFactory close
INFO: Database: HikariCP pool closed successfully.
[PASS] visible-intent-recovery.R01-attach-before-current-publication-reloads-before-work
[PASS] visible-intent-recovery.R02-busy-sync-defers-stale-action
[PASS] visible-intent-recovery.R04-stale-epoch-and-goal-failure-rejected
[PASS] visible-intent-recovery.R06-pending-native-owner-local-replacement-is-atomic
[PASS] visible-intent-recovery.R07-historical-and-unowned-pending-stay-fenced
[PASS] visible-intent-recovery.R08-atomic-CAS-conflict-has-no-partial-goal
[PASS] visible-intent-recovery.R08-foreign-goal-write-never-rebinds-permit
[PASS] visible-intent-recovery.R09-commit-then-load-failure-is-exactly-retryable
[PASS] visible-intent-recovery.R10-cleanup-between-CAS-and-projection-never-grants
[PASS] visible-intent-recovery.R11-failed-catchup-local-plan-keeps-status-and-cursor
SUMMARY: suite=visible-intent-recovery seed=21002101 total=10 passed=10 failed=0
INFO: BuyListData: Loaded 760 buyLists.
окт. 09, 2026 9:17:08 PM org.l2jmobius.gameserver.data.xml.TeleporterData load
INFO: TeleporterData: Loaded 195 npc teleporters.
окт. 09, 2026 9:17:09 PM org.l2jmobius.gameserver.model.sevensigns.SevenSignsFestival <init>
INFO: SevenSignsFestival: Initialization bypassed due to Seal Validation in effect.
окт. 09, 2026 9:17:09 PM org.l2jmobius.commons.threads.ThreadPool shutdown
INFO: ThreadPool: Shutting down all thread pools.
[main] INFO com.zaxxer.hikari.HikariDataSource - L2JMobiusPool - Shutdown initiated...
[main] INFO com.zaxxer.hikari.HikariDataSource - L2JMobiusPool - Shutdown completed.
окт. 09, 2026 9:17:09 PM org.l2jmobius.commons.database.DatabaseFactory close
INFO: Database: HikariCP pool closed successfully.
[PASS] m1-native-lifecycle.Q09-native-arrival-finalized-mismatch-keeps-fence
[PASS] m1-native-lifecycle.Q09-native-live-pending-resume-reopens-exact-lifetime
SUMMARY: suite=m1-native-lifecycle seed=15001501 total=2 passed=2 failed=0
окт. 09, 2026 9:17:30 PM org.l2jmobius.gameserver.managers.RaidBossSpawnManager load
INFO: RaidBossSpawnManager: Loaded 188 Instances
окт. 09, 2026 9:17:30 PM org.l2jmobius.gameserver.managers.RaidBossSpawnManager load
INFO: RaidBossSpawnManager: Scheduled 0 Instances
окт. 09, 2026 9:17:32 PM org.l2jmobius.commons.threads.ThreadPool shutdown
INFO: ThreadPool: Shutting down all thread pools.
[main] INFO com.zaxxer.hikari.HikariDataSource - L2JMobiusPool - Shutdown initiated...
[main] INFO com.zaxxer.hikari.HikariDataSource - L2JMobiusPool - Shutdown completed.
окт. 09, 2026 9:17:32 PM org.l2jmobius.commons.database.DatabaseFactory close
INFO: Database: HikariCP pool closed successfully.
[PASS] living-world023.A01-A02-actual-HitTask-NPC-retaliation-open
[PASS] living-world023.A01-A02-actual-HitTask-NPC-retaliation-sealed
[PASS] living-world023.A03-original-entry-cannot-relabel-replaced-epoch
SUMMARY: suite=living-world023 seed=23002301 total=3 passed=3 failed=0
[PASS] population-ecology-goal033.18-native-context-releases-only-materialization-gate
[PASS] population-ecology-goal033.O01-orphan-ownership-contract
[PASS] population-ecology-goal033.O02-orphan-ownership-contract
[PASS] population-ecology-goal033.O03-orphan-ownership-contract
[PASS] population-ecology-goal033.O04-orphan-ownership-contract
[PASS] population-ecology-goal033.O05-orphan-ownership-contract
[PASS] population-ecology-goal033.O06-orphan-ownership-contract
[PASS] population-ecology-goal033.O07-orphan-ownership-contract
[PASS] population-ecology-goal033.O08-orphan-ownership-contract
[PASS] population-ecology-goal033.O09-orphan-ownership-contract
[PASS] population-ecology-goal033.O10-orphan-ownership-contract
[PASS] population-ecology-goal033.O11-orphan-ownership-contract
[PASS] population-ecology-goal033.O12-orphan-ownership-contract
SUMMARY: suite=population-ecology-goal033 seed=33003300 total=30 passed=30 failed=0
[PASS] population-ecology-goal033.12-background-due-reconciles-elapsed-cursor-once
[PASS] population-ecology-goal033.13-periodic-due-crash-before-and-after-durable-commit
[PASS] population-ecology-goal033.14-periodic-cursor-materialized-boundary-and-resume
[PASS] population-ecology-goal033.15-stale-authority-renews-current-request
[PASS] population-ecology-goal033.16-incomplete-periodic-due-continues-under-pulse-budgets
[PASS] population-ecology-goal033.17-restored-inventory-readiness-starts-bounded-target-creation
SUMMARY: suite=population-ecology-goal033 seed=33003300 total=6 passed=6 failed=0
INFO: ThreadPool: Shutting down all thread pools.
[main] INFO com.zaxxer.hikari.HikariDataSource - L2JMobiusPool - Shutdown initiated...
[main] INFO com.zaxxer.hikari.HikariDataSource - L2JMobiusPool - Shutdown completed.
окт. 09, 2026 9:17:54 PM org.l2jmobius.commons.database.DatabaseFactory close
INFO: Database: HikariCP pool closed successfully.
[PASS] server-shutdown-handoff.01-managed-classifier-fails-closed
[PASS] server-shutdown-handoff.02-two-phase-server-policy-and-source-order
[PASS] server-shutdown-handoff.03-in-flight-drain-reused-before-thread-pool-phase
[PASS] server-shutdown-handoff.04-persistent-failure-retains-configured-ownership
[PASS] server-shutdown-handoff.05-in-flight-scheduler-pulse-retains-configured-system
[PASS] server-shutdown-handoff.06-navigation-only-blocker-snapshot
[PASS] server-shutdown-handoff.07-final-diagnostic-includes-navigation-state
[PASS] server-shutdown-handoff.08-configured-stop-awaits-original-ecology-worker-finally
SUMMARY: suite=server-shutdown-handoff seed=23002301 total=8 passed=8 failed=0
 at org.l2jmobius.tests.phantoms.PhantomBackgroundSuite.testOwnedStoreCrashMatrix(PhantomBackgroundSuite.java:3256)
 at org.l2jmobius.tests.phantoms.PhantomBackgroundSuite.lambda$register$0(PhantomBackgroundSuite.java:371)
 at org.l2jmobius.tests.phantoms.PhantomTestLauncher.runSuite(PhantomTestLauncher.java:170)
 at org.l2jmobius.tests.phantoms.PhantomTestLauncher.run(PhantomTestLauncher.java:134)
 at org.l2jmobius.tests.phantoms.PhantomTestLauncher.main(PhantomTestLauncher.java:92)
, nodes=1, frames=17, truncated=false]
окт. 09, 2026 9:18:33 PM org.l2jmobius.commons.threads.ThreadPool shutdown
INFO: ThreadPool: Shutting down all thread pools.
[main] INFO com.zaxxer.hikari.HikariDataSource - L2JMobiusPool - Shutdown initiated...
[main] INFO com.zaxxer.hikari.HikariDataSource - L2JMobiusPool - Shutdown completed.
окт. 09, 2026 9:18:33 PM org.l2jmobius.commons.database.DatabaseFactory close
INFO: Database: HikariCP pool closed successfully.
[PASS] background-position-canonicalization.08-owned-store-crash-and-mutation-matrix
SUMMARY: suite=background-position-canonicalization seed=15001502 total=1 passed=1 failed=0
окт. 09, 2026 9:19:18 PM org.l2jmobius.gameserver.managers.RaidBossSpawnManager load
INFO: RaidBossSpawnManager: Loaded 188 Instances
окт. 09, 2026 9:19:18 PM org.l2jmobius.gameserver.managers.RaidBossSpawnManager load
INFO: RaidBossSpawnManager: Scheduled 0 Instances
окт. 09, 2026 9:19:26 PM org.l2jmobius.commons.threads.ThreadPool shutdown
INFO: ThreadPool: Shutting down all thread pools.
[main] INFO com.zaxxer.hikari.HikariDataSource - L2JMobiusPool - Shutdown initiated...
[main] INFO com.zaxxer.hikari.HikariDataSource - L2JMobiusPool - Shutdown completed.
окт. 09, 2026 9:19:26 PM org.l2jmobius.commons.database.DatabaseFactory close
INFO: Database: HikariCP pool closed successfully.
[PASS] native-farm-continuation022.S11-native-cast-ignores-unearned-hate-only-recipient
[PASS] native-farm-continuation022.S12-fresh-real-native-damage-recipient-and-delayed-fence
[PASS] native-farm-continuation022.S13-tutorial-missing-state-and-existing-state-control
SUMMARY: suite=native-farm-continuation022 seed=22002201 total=3 passed=3 failed=0
окт. 09, 2026 9:19:49 PM org.l2jmobius.gameserver.model.sevensigns.SevenSignsFestival <init>
INFO: SevenSignsFestival: Initialization bypassed due to Seal Validation in effect.
окт. 09, 2026 9:19:54 PM org.l2jmobius.gameserver.managers.RaidBossSpawnManager load
INFO: RaidBossSpawnManager: Loaded 188 Instances
окт. 09, 2026 9:19:54 PM org.l2jmobius.gameserver.managers.RaidBossSpawnManager load
INFO: RaidBossSpawnManager: Scheduled 0 Instances
окт. 09, 2026 9:19:54 PM org.l2jmobius.commons.threads.ThreadPool shutdown
INFO: ThreadPool: Shutting down all thread pools.
[main] INFO com.zaxxer.hikari.HikariDataSource - L2JMobiusPool - Shutdown initiated...
[main] INFO com.zaxxer.hikari.HikariDataSource - L2JMobiusPool - Shutdown completed.
окт. 09, 2026 9:19:54 PM org.l2jmobius.commons.database.DatabaseFactory close
INFO: Database: HikariCP pool closed successfully.
[PASS] living-world023.N02-N06-lawful-native-cooperative
SUMMARY: suite=living-world023 seed=23002301 total=1 passed=1 failed=0
INFO: SevenSignsFestival: Initialization bypassed due to Seal Validation in effect.
окт. 09, 2026 9:20:39 PM org.l2jmobius.gameserver.managers.RaidBossSpawnManager load
INFO: RaidBossSpawnManager: Loaded 188 Instances
окт. 09, 2026 9:20:39 PM org.l2jmobius.gameserver.managers.RaidBossSpawnManager load
INFO: RaidBossSpawnManager: Scheduled 0 Instances
окт. 09, 2026 9:20:48 PM org.l2jmobius.commons.threads.ThreadPool shutdown
INFO: ThreadPool: Shutting down all thread pools.
[main] INFO com.zaxxer.hikari.HikariDataSource - L2JMobiusPool - Shutdown initiated...
[main] INFO com.zaxxer.hikari.HikariDataSource - L2JMobiusPool - Shutdown completed.
окт. 09, 2026 9:20:48 PM org.l2jmobius.commons.database.DatabaseFactory close
INFO: Database: HikariCP pool closed successfully.
[PASS] native-farm-continuation022.E01-late-direct-native-writer-observes-damaging-recipients
[PASS] native-farm-continuation022.E02-original-secondary-MagicUseTask-same-native-death
SUMMARY: suite=native-farm-continuation022 seed=22002201 total=2 passed=2 failed=0
	at java.base/java.util.concurrent.ScheduledThreadPoolExecutor$ScheduledFutureTask.run(ScheduledThreadPoolExecutor.java:309)
	at java.base/java.util.concurrent.ThreadPoolExecutor.runWorker(ThreadPoolExecutor.java:1090)
	at java.base/java.util.concurrent.ThreadPoolExecutor$Worker.run(ThreadPoolExecutor.java:614)
	at java.base/java.lang.Thread.run(Thread.java:1474)

окт. 09, 2026 9:21:32 PM org.l2jmobius.commons.threads.ThreadPool shutdown
INFO: ThreadPool: Shutting down all thread pools.
[main] INFO com.zaxxer.hikari.HikariDataSource - L2JMobiusPool - Shutdown initiated...
[main] INFO com.zaxxer.hikari.HikariDataSource - L2JMobiusPool - Shutdown completed.
окт. 09, 2026 9:21:32 PM org.l2jmobius.commons.database.DatabaseFactory close
INFO: Database: HikariCP pool closed successfully.
[PASS] native-farm-continuation022.E04-E05-actual-kill-queued-and-stock-quest-child-drain
[PASS] native-farm-continuation022.E07-actual-kill-listener-failure-after-native-mutation
SUMMARY: suite=native-farm-continuation022 seed=22002201 total=2 passed=2 failed=0
окт. 09, 2026 9:22:11 PM org.l2jmobius.gameserver.managers.RaidBossSpawnManager load
INFO: RaidBossSpawnManager: Loaded 188 Instances
окт. 09, 2026 9:22:11 PM org.l2jmobius.gameserver.managers.RaidBossSpawnManager load
INFO: RaidBossSpawnManager: Scheduled 0 Instances
окт. 09, 2026 9:22:12 PM org.l2jmobius.commons.threads.ThreadPool shutdown
INFO: ThreadPool: Shutting down all thread pools.
[main] INFO com.zaxxer.hikari.HikariDataSource - L2JMobiusPool - Shutdown initiated...
[main] INFO com.zaxxer.hikari.HikariDataSource - L2JMobiusPool - Shutdown completed.
окт. 09, 2026 9:22:12 PM org.l2jmobius.commons.database.DatabaseFactory close
INFO: Database: HikariCP pool closed successfully.
[PASS] sustained-farm026.F01-fresh-independent-local-opportunity-after-terminal-standpoint
[PASS] sustained-farm026.F02-terminal-route-without-lawful-independent-target-remains-closed
[PASS] sustained-farm026.F10-native-z-local-opportunity-precedes-exact-standpoint
SUMMARY: suite=sustained-farm026 seed=26002601 total=3 passed=3 failed=0
INFO: TargetHandler: Loaded 34 handlers.
окт. 09, 2026 9:23:28 PM handlers.MasterHandler main
INFO: Handlers Loaded...
окт. 09, 2026 9:23:35 PM org.l2jmobius.gameserver.data.xml.HitConditionBonusData load
INFO: HitConditionBonusData: Loaded hit condition bonuses.
окт. 09, 2026 9:23:37 PM org.l2jmobius.commons.threads.ThreadPool shutdown
INFO: ThreadPool: Shutting down all thread pools.
[main] INFO com.zaxxer.hikari.HikariDataSource - L2JMobiusPool - Shutdown initiated...
[main] INFO com.zaxxer.hikari.HikariDataSource - L2JMobiusPool - Shutdown completed.
окт. 09, 2026 9:23:37 PM org.l2jmobius.commons.database.DatabaseFactory close
INFO: Database: HikariCP pool closed successfully.
[PASS] sustained-farm026.F05-stock-low-MP-starts-bounded-native-rest
[PASS] sustained-farm026.F07-generic-repair-preserves-original-published-cast
SUMMARY: suite=sustained-farm026 seed=26002601 total=2 passed=2 failed=0
INFO: SevenSignsFestival: Initialization bypassed due to Seal Validation in effect.
окт. 09, 2026 9:24:12 PM org.l2jmobius.gameserver.managers.RaidBossSpawnManager load
INFO: RaidBossSpawnManager: Loaded 188 Instances
окт. 09, 2026 9:24:13 PM org.l2jmobius.gameserver.managers.RaidBossSpawnManager load
INFO: RaidBossSpawnManager: Scheduled 0 Instances
окт. 09, 2026 9:24:13 PM org.l2jmobius.commons.threads.ThreadPool shutdown
INFO: ThreadPool: Shutting down all thread pools.
[main] INFO com.zaxxer.hikari.HikariDataSource - L2JMobiusPool - Shutdown initiated...
[main] INFO com.zaxxer.hikari.HikariDataSource - L2JMobiusPool - Shutdown completed.
окт. 09, 2026 9:24:13 PM org.l2jmobius.commons.database.DatabaseFactory close
INFO: Database: HikariCP pool closed successfully.
[PASS] sustained-farm026.E03-distinct-native-target-cap-remains-fenced
[PASS] sustained-farm026.E03-native-respawn-selection-retires-only-undamaged-stale-generations
SUMMARY: suite=sustained-farm026 seed=26002601 total=2 passed=2 failed=0
INFO: BuyListData: Loaded 760 buyLists.
окт. 09, 2026 9:24:46 PM org.l2jmobius.gameserver.data.xml.TeleporterData load
INFO: TeleporterData: Loaded 195 npc teleporters.
окт. 09, 2026 9:24:46 PM org.l2jmobius.gameserver.model.sevensigns.SevenSignsFestival <init>
INFO: SevenSignsFestival: Initialization bypassed due to Seal Validation in effect.
окт. 09, 2026 9:24:51 PM org.l2jmobius.commons.threads.ThreadPool shutdown
INFO: ThreadPool: Shutting down all thread pools.
[main] INFO com.zaxxer.hikari.HikariDataSource - L2JMobiusPool - Shutdown initiated...
[main] INFO com.zaxxer.hikari.HikariDataSource - L2JMobiusPool - Shutdown completed.
окт. 09, 2026 9:24:51 PM org.l2jmobius.commons.database.DatabaseFactory close
INFO: Database: HikariCP pool closed successfully.
[PASS] recovery-boundary026.R03-confirmed-cold-result-before-ordinary-admission
[PASS] recovery-boundary026.R03-observer-failure-cannot-reverse-confirmed-recovery
SUMMARY: suite=recovery-boundary026 seed=26002603 total=2 passed=2 failed=0
[PASS] native-evidence-continuation022.S08-first-phase-deadline-reason-sticky-and-stale-clear
[PASS] native-evidence-continuation022.S09-late-native-reward-after-next-target-counted-once
[PASS] native-evidence-continuation022.S10-target-cap-generation-and-time-regression-truth
[PASS] native-evidence-continuation022.S11-useful-native-offense-finishes-rest-gap-without-clearing-invalidity
SUMMARY: suite=native-evidence-continuation022 seed=22002203 total=4 passed=4 failed=0
