warning: in the working copy of 'L2J_Mobius_CT_2.6_HighFive/docs/phantoms/tasks/PHANTOM-M1-RUNTIME-CONTRACTS-024/Arm-Collector024.ps1', LF will be replaced by CRLF the next time Git touches it
warning: in the working copy of 'L2J_Mobius_CT_2.6_HighFive/docs/phantoms/tasks/PHANTOM-M1-RUNTIME-CONTRACTS-024/Build-Collector024.ps1', LF will be replaced by CRLF the next time Git touches it
warning: in the working copy of 'L2J_Mobius_CT_2.6_HighFive/docs/phantoms/tasks/PHANTOM-M1-RUNTIME-CONTRACTS-024/Build-PersistenceProof024.py', LF will be replaced by CRLF the next time Git touches it
warning: in the working copy of 'L2J_Mobius_CT_2.6_HighFive/docs/phantoms/tasks/PHANTOM-M1-RUNTIME-CONTRACTS-024/Contract024Agent.java', LF will be replaced by CRLF the next time Git touches it
warning: in the working copy of 'L2J_Mobius_CT_2.6_HighFive/docs/phantoms/tasks/PHANTOM-M1-RUNTIME-CONTRACTS-024/FIX_LEDGER.md', LF will be replaced by CRLF the next time Git touches it
warning: in the working copy of 'L2J_Mobius_CT_2.6_HighFive/docs/phantoms/tasks/PHANTOM-M1-RUNTIME-CONTRACTS-024/Observe-Scene024.ps1', LF will be replaced by CRLF the next time Git touches it
warning: in the working copy of 'L2J_Mobius_CT_2.6_HighFive/docs/phantoms/tasks/PHANTOM-M1-RUNTIME-CONTRACTS-024/PROGRESS_CURRENT.md', LF will be replaced by CRLF the next time Git touches it
warning: in the working copy of 'L2J_Mobius_CT_2.6_HighFive/test/java/org/l2jmobius/tests/phantoms/PhantomNativeFarmContinuation022Suite.java', LF will be replaced by CRLF the next time Git touches it
warning: in the working copy of 'L2J_Mobius_CT_2.6_HighFive/docs/phantoms/tasks/PHANTOM-M1-RUNTIME-CONTRACTS-024/Arm-Collector024.ps1', LF will be replaced by CRLF the next time Git touches it
warning: in the working copy of 'L2J_Mobius_CT_2.6_HighFive/docs/phantoms/tasks/PHANTOM-M1-RUNTIME-CONTRACTS-024/Build-Collector024.ps1', LF will be replaced by CRLF the next time Git touches it
warning: in the working copy of 'L2J_Mobius_CT_2.6_HighFive/docs/phantoms/tasks/PHANTOM-M1-RUNTIME-CONTRACTS-024/Build-PersistenceProof024.py', LF will be replaced by CRLF the next time Git touches it
warning: in the working copy of 'L2J_Mobius_CT_2.6_HighFive/docs/phantoms/tasks/PHANTOM-M1-RUNTIME-CONTRACTS-024/Contract024Agent.java', LF will be replaced by CRLF the next time Git touches it
warning: in the working copy of 'L2J_Mobius_CT_2.6_HighFive/docs/phantoms/tasks/PHANTOM-M1-RUNTIME-CONTRACTS-024/FIX_LEDGER.md', LF will be replaced by CRLF the next time Git touches it
warning: in the working copy of 'L2J_Mobius_CT_2.6_HighFive/docs/phantoms/tasks/PHANTOM-M1-RUNTIME-CONTRACTS-024/Observe-Scene024.ps1', LF will be replaced by CRLF the next time Git touches it
warning: in the working copy of 'L2J_Mobius_CT_2.6_HighFive/docs/phantoms/tasks/PHANTOM-M1-RUNTIME-CONTRACTS-024/PROGRESS_CURRENT.md', LF will be replaced by CRLF the next time Git touches it
warning: in the working copy of 'L2J_Mobius_CT_2.6_HighFive/test/java/org/l2jmobius/tests/phantoms/PhantomNativeFarmContinuation022Suite.java', LF will be replaced by CRLF the next time Git touches it
warning: in the working copy of 'L2J_Mobius_CT_2.6_HighFive/docs/phantoms/tasks/PHANTOM-M1-RUNTIME-CONTRACTS-024/Arm-Collector024.ps1', LF will be replaced by CRLF the next time Git touches it
warning: in the working copy of 'L2J_Mobius_CT_2.6_HighFive/docs/phantoms/tasks/PHANTOM-M1-RUNTIME-CONTRACTS-024/Build-Collector024.ps1', LF will be replaced by CRLF the next time Git touches it
warning: in the working copy of 'L2J_Mobius_CT_2.6_HighFive/docs/phantoms/tasks/PHANTOM-M1-RUNTIME-CONTRACTS-024/Build-PersistenceProof024.py', LF will be replaced by CRLF the next time Git touches it
warning: in the working copy of 'L2J_Mobius_CT_2.6_HighFive/docs/phantoms/tasks/PHANTOM-M1-RUNTIME-CONTRACTS-024/Contract024Agent.java', LF will be replaced by CRLF the next time Git touches it
warning: in the working copy of 'L2J_Mobius_CT_2.6_HighFive/docs/phantoms/tasks/PHANTOM-M1-RUNTIME-CONTRACTS-024/FIX_LEDGER.md', LF will be replaced by CRLF the next time Git touches it
warning: in the working copy of 'L2J_Mobius_CT_2.6_HighFive/docs/phantoms/tasks/PHANTOM-M1-RUNTIME-CONTRACTS-024/Observe-Scene024.ps1', LF will be replaced by CRLF the next time Git touches it
warning: in the working copy of 'L2J_Mobius_CT_2.6_HighFive/docs/phantoms/tasks/PHANTOM-M1-RUNTIME-CONTRACTS-024/PROGRESS_CURRENT.md', LF will be replaced by CRLF the next time Git touches it
warning: in the working copy of 'L2J_Mobius_CT_2.6_HighFive/test/java/org/l2jmobius/tests/phantoms/PhantomNativeFarmContinuation022Suite.java', LF will be replaced by CRLF the next time Git touches it
warning: in the working copy of 'L2J_Mobius_CT_2.6_HighFive/docs/phantoms/tasks/PHANTOM-M1-RUNTIME-CONTRACTS-024/evidence/GREEN_B11_PENDING_STALE_AUTHORITY/native-farm-continuation022.xml', LF will be replaced by CRLF the next time Git touches it
warning: in the working copy of 'L2J_Mobius_CT_2.6_HighFive/docs/phantoms/tasks/PHANTOM-M1-RUNTIME-CONTRACTS-024/evidence/R2_ECOLOGY_READ_DIAGNOSTICS/agent-installed-19568.txt', LF will be replaced by CRLF the next time Git touches it
warning: in the working copy of 'L2J_Mobius_CT_2.6_HighFive/docs/phantoms/tasks/PHANTOM-M1-RUNTIME-CONTRACTS-024/evidence/R2_ECOLOGY_READ_DIAGNOSTICS/diagnostics-19568.txt', LF will be replaced by CRLF the next time Git touches it
warning: in the working copy of 'L2J_Mobius_CT_2.6_HighFive/docs/phantoms/tasks/PHANTOM-M1-RUNTIME-CONTRACTS-024/evidence/R2_RESTART_READ_DIAGNOSTICS/agent-installed-19568.txt', LF will be replaced by CRLF the next time Git touches it
warning: in the working copy of 'L2J_Mobius_CT_2.6_HighFive/docs/phantoms/tasks/PHANTOM-M1-RUNTIME-CONTRACTS-024/evidence/R2_RESTART_READ_DIAGNOSTICS/diagnostics-19568.txt', LF will be replaced by CRLF the next time Git touches it
warning: in the working copy of 'L2J_Mobius_CT_2.6_HighFive/docs/phantoms/tasks/PHANTOM-M1-RUNTIME-CONTRACTS-024/evidence/RED_B11_PENDING_STALE_AUTHORITY/native-farm-continuation022.xml', LF will be replaced by CRLF the next time Git touches it
warning: in the working copy of 'L2J_Mobius_CT_2.6_HighFive/docs/phantoms/tasks/PHANTOM-M1-RUNTIME-CONTRACTS-024/evidence/REG_B_MATRIX_AFTER_B11/background-position-canonicalization.xml', LF will be replaced by CRLF the next time Git touches it
warning: in the working copy of 'L2J_Mobius_CT_2.6_HighFive/docs/phantoms/tasks/PHANTOM-M1-RUNTIME-CONTRACTS-024/evidence/REG_D_AFTER_B11/visible-intent-recovery.xml', LF will be replaced by CRLF the next time Git touches it
[detached HEAD 5a8e3ce] Recover exact stale planned history before native attestation
 196 files changed, 107026 insertions(+), 646 deletions(-)
 create mode 100644 L2J_Mobius_CT_2.6_HighFive/docs/phantoms/tasks/PHANTOM-M1-RUNTIME-CONTRACTS-024/GREEN_B11_PENDING_STALE_AUTHORITY.log
 create mode 100644 L2J_Mobius_CT_2.6_HighFive/docs/phantoms/tasks/PHANTOM-M1-RUNTIME-CONTRACTS-024/RED_B11_PENDING_STALE_AUTHORITY.log
 create mode 100644 L2J_Mobius_CT_2.6_HighFive/docs/phantoms/tasks/PHANTOM-M1-RUNTIME-CONTRACTS-024/REG_B_MATRIX_AFTER_B11.log
 create mode 100644 L2J_Mobius_CT_2.6_HighFive/docs/phantoms/tasks/PHANTOM-M1-RUNTIME-CONTRACTS-024/REG_D_AFTER_B11.log
 create mode 100644 L2J_Mobius_CT_2.6_HighFive/docs/phantoms/tasks/PHANTOM-M1-RUNTIME-CONTRACTS-024/build-frozen-r2-jar.log
 create mode 100644 L2J_Mobius_CT_2.6_HighFive/docs/phantoms/tasks/PHANTOM-M1-RUNTIME-CONTRACTS-024/build-restart-green.log
 create mode 100644 L2J_Mobius_CT_2.6_HighFive/docs/phantoms/tasks/PHANTOM-M1-RUNTIME-CONTRACTS-024/build-restart-red.log
 create mode 100644 L2J_Mobius_CT_2.6_HighFive/docs/phantoms/tasks/PHANTOM-M1-RUNTIME-CONTRACTS-024/checkpoint-03.log
 create mode 100644 L2J_Mobius_CT_2.6_HighFive/docs/phantoms/tasks/PHANTOM-M1-RUNTIME-CONTRACTS-024/evidence/FINAL_R2_SCENE_A/0001-STATUS.json
 create mode 100644 L2J_Mobius_CT_2.6_HighFive/docs/phantoms/tasks/PHANTOM-M1-RUNTIME-CONTRACTS-024/evidence/FINAL_R2_SCENE_A/0001-STATUS.xml
 create mode 100644 L2J_Mobius_CT_2.6_HighFive/docs/phantoms/tasks/PHANTOM-M1-RUNTIME-CONTRACTS-024/evidence/FINAL_R2_SCENE_A/0002-TELEPORT_SELF.json
 create mode 100644 L2J_Mobius_CT_2.6_HighFive/docs/phantoms/tasks/PHANTOM-M1-RUNTIME-CONTRACTS-024/evidence/FINAL_R2_SCENE_A/0002-TELEPORT_SELF.xml
 create mode 100644 L2J_Mobius_CT_2.6_HighFive/docs/phantoms/tasks/PHANTOM-M1-RUNTIME-CONTRACTS-024/evidence/FINAL_R2_SCENE_A/0003-STATUS.json
 create mode 100644 L2J_Mobius_CT_2.6_HighFive/docs/phantoms/tasks/PHANTOM-M1-RUNTIME-CONTRACTS-024/evidence/FINAL_R2_SCENE_A/0003-STATUS.xml
 create mode 100644 L2J_Mobius_CT_2.6_HighFive/docs/phantoms/tasks/PHANTOM-M1-RUNTIME-CONTRACTS-024/evidence/FINAL_R2_SCENE_A/0004-SNAPSHOT_PHANTOMS.json
 create mode 100644 L2J_Mobius_CT_2.6_HighFive/docs/phantoms/tasks/PHANTOM-M1-RUNTIME-CONTRACTS-024/evidence/FINAL_R2_SCENE_A/0004-SNAPSHOT_PHANTOMS.xml
 create mode 100644 L2J_Mobius_CT_2.6_HighFive/docs/phantoms/tasks/PHANTOM-M1-RUNTIME-CONTRACTS-024/evidence/FINAL_R2_SCENE_A/0005-SNAPSHOT_PHANTOMS.json
 create mode 100644 L2J_Mobius_CT_2.6_HighFive/docs/phantoms/tasks/PHANTOM-M1-RUNTIME-CONTRACTS-024/evidence/FINAL_R2_SCENE_A/0005-SNAPSHOT_PHANTOMS.xml
 create mode 100644 L2J_Mobius_CT_2.6_HighFive/docs/phantoms/tasks/PHANTOM-M1-RUNTIME-CONTRACTS-024/evidence/FINAL_R2_SCENE_A/0006-SNAPSHOT_PHANTOMS.json
 create mode 100644 L2J_Mobius_CT_2.6_HighFive/docs/phantoms/tasks/PHANTOM-M1-RUNTIME-CONTRACTS-024/evidence/FINAL_R2_SCENE_A/0006-SNAPSHOT_PHANTOMS.xml
 create mode 100644 L2J_Mobius_CT_2.6_HighFive/docs/phantoms/tasks/PHANTOM-M1-RUNTIME-CONTRACTS-024/evidence/FINAL_R2_SCENE_A/0007-SNAPSHOT_PHANTOMS.json
 create mode 100644 L2J_Mobius_CT_2.6_HighFive/docs/phantoms/tasks/PHANTOM-M1-RUNTIME-CONTRACTS-024/evidence/FINAL_R2_SCENE_A/0007-SNAPSHOT_PHANTOMS.xml
 create mode 100644 L2J_Mobius_CT_2.6_HighFive/docs/phantoms/tasks/PHANTOM-M1-RUNTIME-CONTRACTS-024/evidence/FINAL_R2_SCENE_A/0008-SNAPSHOT_PHANTOMS.json
 create mode 100644 L2J_Mobius_CT_2.6_HighFive/docs/phantoms/tasks/PHANTOM-M1-RUNTIME-CONTRACTS-024/evidence/FINAL_R2_SCENE_A/0008-SNAPSHOT_PHANTOMS.xml
 create mode 100644 L2J_Mobius_CT_2.6_HighFive/docs/phantoms/tasks/PHANTOM-M1-RUNTIME-CONTRACTS-024/evidence/FINAL_R2_SCENE_A/0009-SNAPSHOT_PHANTOMS.json
 create mode 100644 L2J_Mobius_CT_2.6_HighFive/docs/phantoms/tasks/PHANTOM-M1-RUNTIME-CONTRACTS-024/evidence/FINAL_R2_SCENE_A/0009-SNAPSHOT_PHANTOMS.xml
 create mode 100644 L2J_Mobius_CT_2.6_HighFive/docs/phantoms/tasks/PHANTOM-M1-RUNTIME-CONTRACTS-024/evidence/FINAL_R2_SCENE_A/0010-SNAPSHOT_PHANTOMS.json
 create mode 100644 L2J_Mobius_CT_2.6_HighFive/docs/phantoms/tasks/PHANTOM-M1-RUNTIME-CONTRACTS-024/evidence/FINAL_R2_SCENE_A/0010-SNAPSHOT_PHANTOMS.xml
 create mode 100644 L2J_Mobius_CT_2.6_HighFive/docs/phantoms/tasks/PHANTOM-M1-RUNTIME-CONTRACTS-024/evidence/FINAL_R2_SCENE_A/0011-SNAPSHOT_PHANTOMS.json
 create mode 100644 L2J_Mobius_CT_2.6_HighFive/docs/phantoms/tasks/PHANTOM-M1-RUNTIME-CONTRACTS-024/evidence/FINAL_R2_SCENE_A/0011-SNAPSHOT_PHANTOMS.xml
 create mode 100644 L2J_Mobius_CT_2.6_HighFive/docs/phantoms/tasks/PHANTOM-M1-RUNTIME-CONTRACTS-024/evidence/FINAL_R2_SCENE_A/0012-SNAPSHOT_PHANTOMS.json
 create mode 100644 L2J_Mobius_CT_2.6_HighFive/docs/phantoms/tasks/PHANTOM-M1-RUNTIME-CONTRACTS-024/evidence/FINAL_R2_SCENE_A/0012-SNAPSHOT_PHANTOMS.xml
 create mode 100644 L2J_Mobius_CT_2.6_HighFive/docs/phantoms/tasks/PHANTOM-M1-RUNTIME-CONTRACTS-024/evidence/FINAL_R2_SCENE_A/0013-SNAPSHOT_PHANTOMS.json
 create mode 100644 L2J_Mobius_CT_2.6_HighFive/docs/phantoms/tasks/PHANTOM-M1-RUNTIME-CONTRACTS-024/evidence/FINAL_R2_SCENE_A/0013-SNAPSHOT_PHANTOMS.xml
 create mode 100644 L2J_Mobius_CT_2.6_HighFive/docs/phantoms/tasks/PHANTOM-M1-RUNTIME-CONTRACTS-024/evidence/FINAL_R2_SCENE_A/0014-SNAPSHOT_PHANTOMS.json
 create mode 100644 L2J_Mobius_CT_2.6_HighFive/docs/phantoms/tasks/PHANTOM-M1-RUNTIME-CONTRACTS-024/evidence/FINAL_R2_SCENE_A/0014-SNAPSHOT_PHANTOMS.xml
 create mode 100644 L2J_Mobius_CT_2.6_HighFive/docs/phantoms/tasks/PHANTOM-M1-RUNTIME-CONTRACTS-024/evidence/FINAL_R2_SCENE_A/0015-SNAPSHOT_PHANTOMS.json
 create mode 100644 L2J_Mobius_CT_2.6_HighFive/docs/phantoms/tasks/PHANTOM-M1-RUNTIME-CONTRACTS-024/evidence/FINAL_R2_SCENE_A/0015-SNAPSHOT_PHANTOMS.xml
 create mode 100644 L2J_Mobius_CT_2.6_HighFive/docs/phantoms/tasks/PHANTOM-M1-RUNTIME-CONTRACTS-024/evidence/FINAL_R2_SCENE_A/run-id.txt
 create mode 100644 L2J_Mobius_CT_2.6_HighFive/docs/phantoms/tasks/PHANTOM-M1-RUNTIME-CONTRACTS-024/evidence/FINAL_R2_SCENE_A/synthetic-start.json
 create mode 100644 L2J_Mobius_CT_2.6_HighFive/docs/phantoms/tasks/PHANTOM-M1-RUNTIME-CONTRACTS-024/evidence/FINAL_R2_SCENE_A/synthetic-stop.json
 create mode 100644 L2J_Mobius_CT_2.6_HighFive/docs/phantoms/tasks/PHANTOM-M1-RUNTIME-CONTRACTS-024/evidence/FINAL_R2_SCENE_A_AREA2/0001-STATUS.json
 create mode 100644 L2J_Mobius_CT_2.6_HighFive/docs/phantoms/tasks/PHANTOM-M1-RUNTIME-CONTRACTS-024/evidence/FINAL_R2_SCENE_A_AREA2/0001-STATUS.xml
 create mode 100644 L2J_Mobius_CT_2.6_HighFive/docs/phantoms/tasks/PHANTOM-M1-RUNTIME-CONTRACTS-024/evidence/FINAL_R2_SCENE_A_AREA2/0002-TELEPORT_SELF.json
 create mode 100644 L2J_Mobius_CT_2.6_HighFive/docs/phantoms/tasks/PHANTOM-M1-RUNTIME-CONTRACTS-024/evidence/FINAL_R2_SCENE_A_AREA2/0002-TELEPORT_SELF.xml
 create mode 100644 L2J_Mobius_CT_2.6_HighFive/docs/phantoms/tasks/PHANTOM-M1-RUNTIME-CONTRACTS-024/evidence/FINAL_R2_SCENE_A_AREA2/0003-STATUS.json
 create mode 100644 L2J_Mobius_CT_2.6_HighFive/docs/phantoms/tasks/PHANTOM-M1-RUNTIME-CONTRACTS-024/evidence/FINAL_R2_SCENE_A_AREA2/0003-STATUS.xml
 create mode 100644 L2J_Mobius_CT_2.6_HighFive/docs/phantoms/tasks/PHANTOM-M1-RUNTIME-CONTRACTS-024/evidence/FINAL_R2_SCENE_A_AREA2/0004-STATUS.json
 create mode 100644 L2J_Mobius_CT_2.6_HighFive/docs/phantoms/tasks/PHANTOM-M1-RUNTIME-CONTRACTS-024/evidence/FINAL_R2_SCENE_A_AREA2/0004-STATUS.xml
 create mode 100644 L2J_Mobius_CT_2.6_HighFive/docs/phantoms/tasks/PHANTOM-M1-RUNTIME-CONTRACTS-024/evidence/FINAL_R2_SCENE_A_AREA2/0005-MOVE_SELF.json
 create mode 100644 L2J_Mobius_CT_2.6_HighFive/docs/phantoms/tasks/PHANTOM-M1-RUNTIME-CONTRACTS-024/evidence/FINAL_R2_SCENE_A_AREA2/0005-MOVE_SELF.xml
 create mode 100644 L2J_Mobius_CT_2.6_HighFive/docs/phantoms/tasks/PHANTOM-M1-RUNTIME-CONTRACTS-024/evidence/FINAL_R2_SCENE_A_AREA2/0006-STATUS.json
 create mode 100644 L2J_Mobius_CT_2.6_HighFive/docs/phantoms/tasks/PHANTOM-M1-RUNTIME-CONTRACTS-024/evidence/FINAL_R2_SCENE_A_AREA2/0006-STATUS.xml
 create mode 100644 L2J_Mobius_CT_2.6_HighFive/docs/phantoms/tasks/PHANTOM-M1-RUNTIME-CONTRACTS-024/evidence/FINAL_R2_SCENE_A_AREA2/0007-STATUS.json
 create mode 100644 L2J_Mobius_CT_2.6_HighFive/docs/phantoms/tasks/PHANTOM-M1-RUNTIME-CONTRACTS-024/evidence/FINAL_R2_SCENE_A_AREA2/0007-STATUS.xml
 create mode 100644 L2J_Mobius_CT_2.6_HighFive/docs/phantoms/tasks/PHANTOM-M1-RUNTIME-CONTRACTS-024/evidence/FINAL_R2_SCENE_A_AREA2/0008-STATUS.json
 create mode 100644 L2J_Mobius_CT_2.6_HighFive/docs/phantoms/tasks/PHANTOM-M1-RUNTIME-CONTRACTS-024/evidence/FINAL_R2_SCENE_A_AREA2/0008-STATUS.xml
 create mode 100644 L2J_Mobius_CT_2.6_HighFive/docs/phantoms/tasks/PHANTOM-M1-RUNTIME-CONTRACTS-024/evidence/FINAL_R2_SCENE_A_AREA2/0009-MOVE_SELF.json
 create mode 100644 L2J_Mobius_CT_2.6_HighFive/docs/phantoms/tasks/PHANTOM-M1-RUNTIME-CONTRACTS-024/evidence/FINAL_R2_SCENE_A_AREA2/0009-MOVE_SELF.xml
 create mode 100644 L2J_Mobius_CT_2.6_HighFive/docs/phantoms/tasks/PHANTOM-M1-RUNTIME-CONTRACTS-024/evidence/FINAL_R2_SCENE_A_AREA2/0010-STATUS.json
 create mode 100644 L2J_Mobius_CT_2.6_HighFive/docs/phantoms/tasks/PHANTOM-M1-RUNTIME-CONTRACTS-024/evidence/FINAL_R2_SCENE_A_AREA2/0010-STATUS.xml
 create mode 100644 L2J_Mobius_CT_2.6_HighFive/docs/phantoms/tasks/PHANTOM-M1-RUNTIME-CONTRACTS-024/evidence/FINAL_R2_SCENE_A_AREA2/0011-STATUS.json
 create mode 100644 L2J_Mobius_CT_2.6_HighFive/docs/phantoms/tasks/PHANTOM-M1-RUNTIME-CONTRACTS-024/evidence/FINAL_R2_SCENE_A_AREA2/0011-STATUS.xml
 create mode 100644 L2J_Mobius_CT_2.6_HighFive/docs/phantoms/tasks/PHANTOM-M1-RUNTIME-CONTRACTS-024/evidence/FINAL_R2_SCENE_A_AREA2/0012-STATUS.json
 create mode 100644 L2J_Mobius_CT_2.6_HighFive/docs/phantoms/tasks/PHANTOM-M1-RUNTIME-CONTRACTS-024/evidence/FINAL_R2_SCENE_A_AREA2/0012-STATUS.xml
 create mode 100644 L2J_Mobius_CT_2.6_HighFive/docs/phantoms/tasks/PHANTOM-M1-RUNTIME-CONTRACTS-024/evidence/FINAL_R2_SCENE_A_AREA2/0013-MOVE_SELF.json
 create mode 100644 L2J_Mobius_CT_2.6_HighFive/docs/phantoms/tasks/PHANTOM-M1-RUNTIME-CONTRACTS-024/evidence/FINAL_R2_SCENE_A_AREA2/0013-MOVE_SELF.xml
 create mode 100644 L2J_Mobius_CT_2.6_HighFive/docs/phantoms/tasks/PHANTOM-M1-RUNTIME-CONTRACTS-024/evidence/FINAL_R2_SCENE_A_AREA2/0014-STATUS.json
 create mode 100644 L2J_Mobius_CT_2.6_HighFive/docs/phantoms/tasks/PHANTOM-M1-RUNTIME-CONTRACTS-024/evidence/FINAL_R2_SCENE_A_AREA2/0014-STATUS.xml
 create mode 100644 L2J_Mobius_CT_2.6_HighFive/docs/phantoms/tasks/PHANTOM-M1-RUNTIME-CONTRACTS-024/evidence/FINAL_R2_SCENE_A_AREA2/0015-STATUS.json
 create mode 100644 L2J_Mobius_CT_2.6_HighFive/docs/phantoms/tasks/PHANTOM-M1-RUNTIME-CONTRACTS-024/evidence/FINAL_R2_SCENE_A_AREA2/0015-STATUS.xml
 create mode 100644 L2J_Mobius_CT_2.6_HighFive/docs/phantoms/tasks/PHANTOM-M1-RUNTIME-CONTRACTS-024/evidence/FINAL_R2_SCENE_A_AREA2/0016-STATUS.json
 create mode 100644 L2J_Mobius_CT_2.6_HighFive/docs/phantoms/tasks/PHANTOM-M1-RUNTIME-CONTRACTS-024/evidence/FINAL_R2_SCENE_A_AREA2/0016-STATUS.xml
 create mode 100644 L2J_Mobius_CT_2.6_HighFive/docs/phantoms/tasks/PHANTOM-M1-RUNTIME-CONTRACTS-024/evidence/FINAL_R2_SCENE_A_AREA2/0017-MOVE_SELF.json
 create mode 100644 L2J_Mobius_CT_2.6_HighFive/docs/phantoms/tasks/PHANTOM-M1-RUNTIME-CONTRACTS-024/evidence/FINAL_R2_SCENE_A_AREA2/0017-MOVE_SELF.xml
 create mode 100644 L2J_Mobius_CT_2.6_HighFive/docs/phantoms/tasks/PHANTOM-M1-RUNTIME-CONTRACTS-024/evidence/FINAL_R2_SCENE_A_AREA2/0018-STATUS.json
 create mode 100644 L2J_Mobius_CT_2.6_HighFive/docs/phantoms/tasks/PHANTOM-M1-RUNTIME-CONTRACTS-024/evidence/FINAL_R2_SCENE_A_AREA2/0018-STATUS.xml
 create mode 100644 L2J_Mobius_CT_2.6_HighFive/docs/phantoms/tasks/PHANTOM-M1-RUNTIME-CONTRACTS-024/evidence/FINAL_R2_SCENE_A_AREA2/0019-STATUS.json
 create mode 100644 L2J_Mobius_CT_2.6_HighFive/docs/phantoms/tasks/PHANTOM-M1-RUNTIME-CONTRACTS-024/evidence/FINAL_R2_SCENE_A_AREA2/0019-STATUS.xml
 create mode 100644 L2J_Mobius_CT_2.6_HighFive/docs/phantoms/tasks/PHANTOM-M1-RUNTIME-CONTRACTS-024/evidence/FINAL_R2_SCENE_A_AREA2/0020-STATUS.json
 create mode 100644 L2J_Mobius_CT_2.6_HighFive/docs/phantoms/tasks/PHANTOM-M1-RUNTIME-CONTRACTS-024/evidence/FINAL_R2_SCENE_A_AREA2/0020-STATUS.xml
 create mode 100644 L2J_Mobius_CT_2.6_HighFive/docs/phantoms/tasks/PHANTOM-M1-RUNTIME-CONTRACTS-024/evidence/FINAL_R2_SCENE_A_AREA2/0021-MOVE_SELF.json
 create mode 100644 L2J_Mobius_CT_2.6_HighFive/docs/phantoms/tasks/PHANTOM-M1-RUNTIME-CONTRACTS-024/evidence/FINAL_R2_SCENE_A_AREA2/0021-MOVE_SELF.xml
 create mode 100644 L2J_Mobius_CT_2.6_HighFive/docs/phantoms/tasks/PHANTOM-M1-RUNTIME-CONTRACTS-024/evidence/FINAL_R2_SCENE_A_AREA2/0022-STATUS.json
 create mode 100644 L2J_Mobius_CT_2.6_HighFive/docs/phantoms/tasks/PHANTOM-M1-RUNTIME-CONTRACTS-024/evidence/FINAL_R2_SCENE_A_AREA2/0022-STATUS.xml
 create mode 100644 L2J_Mobius_CT_2.6_HighFive/docs/phantoms/tasks/PHANTOM-M1-RUNTIME-CONTRACTS-024/evidence/FINAL_R2_SCENE_A_AREA2/0023-STATUS.json
 create mode 100644 L2J_Mobius_CT_2.6_HighFive/docs/phantoms/tasks/PHANTOM-M1-RUNTIME-CONTRACTS-024/evidence/FINAL_R2_SCENE_A_AREA2/0023-STATUS.xml
 create mode 100644 L2J_Mobius_CT_2.6_HighFive/docs/phantoms/tasks/PHANTOM-M1-RUNTIME-CONTRACTS-024/evidence/FINAL_R2_SCENE_A_AREA2/0024-STATUS.json
 create mode 100644 L2J_Mobius_CT_2.6_HighFive/docs/phantoms/tasks/PHANTOM-M1-RUNTIME-CONTRACTS-024/evidence/FINAL_R2_SCENE_A_AREA2/0024-STATUS.xml
 create mode 100644 L2J_Mobius_CT_2.6_HighFive/docs/phantoms/tasks/PHANTOM-M1-RUNTIME-CONTRACTS-024/evidence/FINAL_R2_SCENE_A_AREA2/0025-MOVE_SELF.json
 create mode 100644 L2J_Mobius_CT_2.6_HighFive/docs/phantoms/tasks/PHANTOM-M1-RUNTIME-CONTRACTS-024/evidence/FINAL_R2_SCENE_A_AREA2/0025-MOVE_SELF.xml
 create mode 100644 L2J_Mobius_CT_2.6_HighFive/docs/phantoms/tasks/PHANTOM-M1-RUNTIME-CONTRACTS-024/evidence/FINAL_R2_SCENE_A_AREA2/0026-STATUS.json
 create mode 100644 L2J_Mobius_CT_2.6_HighFive/docs/phantoms/tasks/PHANTOM-M1-RUNTIME-CONTRACTS-024/evidence/FINAL_R2_SCENE_A_AREA2/0026-STATUS.xml
 create mode 100644 L2J_Mobius_CT_2.6_HighFive/docs/phantoms/tasks/PHANTOM-M1-RUNTIME-CONTRACTS-024/evidence/FINAL_R2_SCENE_A_AREA2/0027-STATUS.json
 create mode 100644 L2J_Mobius_CT_2.6_HighFive/docs/phantoms/tasks/PHANTOM-M1-RUNTIME-CONTRACTS-024/evidence/FINAL_R2_SCENE_A_AREA2/0027-STATUS.xml
 create mode 100644 L2J_Mobius_CT_2.6_HighFive/docs/phantoms/tasks/PHANTOM-M1-RUNTIME-CONTRACTS-024/evidence/FINAL_R2_SCENE_A_AREA2/0028-STATUS.json
 create mode 100644 L2J_Mobius_CT_2.6_HighFive/docs/phantoms/tasks/PHANTOM-M1-RUNTIME-CONTRACTS-024/evidence/FINAL_R2_SCENE_A_AREA2/0028-STATUS.xml
 create mode 100644 L2J_Mobius_CT_2.6_HighFive/docs/phantoms/tasks/PHANTOM-M1-RUNTIME-CONTRACTS-024/evidence/FINAL_R2_SCENE_A_AREA2/0029-MOVE_SELF.json
 create mode 100644 L2J_Mobius_CT_2.6_HighFive/docs/phantoms/tasks/PHANTOM-M1-RUNTIME-CONTRACTS-024/evidence/FINAL_R2_SCENE_A_AREA2/0029-MOVE_SELF.xml
 create mode 100644 L2J_Mobius_CT_2.6_HighFive/docs/phantoms/tasks/PHANTOM-M1-RUNTIME-CONTRACTS-024/evidence/FINAL_R2_SCENE_A_AREA2/0030-STATUS.json
 create mode 100644 L2J_Mobius_CT_2.6_HighFive/docs/phantoms/tasks/PHANTOM-M1-RUNTIME-CONTRACTS-024/evidence/FINAL_R2_SCENE_A_AREA2/0030-STATUS.xml
 create mode 100644 L2J_Mobius_CT_2.6_HighFive/docs/phantoms/tasks/PHANTOM-M1-RUNTIME-CONTRACTS-024/evidence/FINAL_R2_SCENE_A_AREA2/0031-STATUS.json
 create mode 100644 L2J_Mobius_CT_2.6_HighFive/docs/phantoms/tasks/PHANTOM-M1-RUNTIME-CONTRACTS-024/evidence/FINAL_R2_SCENE_A_AREA2/0031-STATUS.xml
 create mode 100644 L2J_Mobius_CT_2.6_HighFive/docs/phantoms/tasks/PHANTOM-M1-RUNTIME-CONTRACTS-024/evidence/FINAL_R2_SCENE_A_AREA2/0032-STATUS.json
 create mode 100644 L2J_Mobius_CT_2.6_HighFive/docs/phantoms/tasks/PHANTOM-M1-RUNTIME-CONTRACTS-024/evidence/FINAL_R2_SCENE_A_AREA2/0032-STATUS.xml
 create mode 100644 L2J_Mobius_CT_2.6_HighFive/docs/phantoms/tasks/PHANTOM-M1-RUNTIME-CONTRACTS-024/evidence/FINAL_R2_SCENE_A_AREA2/0033-MOVE_SELF.json
 create mode 100644 L2J_Mobius_CT_2.6_HighFive/docs/phantoms/tasks/PHANTOM-M1-RUNTIME-CONTRACTS-024/evidence/FINAL_R2_SCENE_A_AREA2/0033-MOVE_SELF.xml
 create mode 100644 L2J_Mobius_CT_2.6_HighFive/docs/phantoms/tasks/PHANTOM-M1-RUNTIME-CONTRACTS-024/evidence/FINAL_R2_SCENE_A_AREA2/0034-STATUS.json
 create mode 100644 L2J_Mobius_CT_2.6_HighFive/docs/phantoms/tasks/PHANTOM-M1-RUNTIME-CONTRACTS-024/evidence/FINAL_R2_SCENE_A_AREA2/0034-STATUS.xml
 create mode 100644 L2J_Mobius_CT_2.6_HighFive/docs/phantoms/tasks/PHANTOM-M1-RUNTIME-CONTRACTS-024/evidence/FINAL_R2_SCENE_A_AREA2/0035-STATUS.json
 create mode 100644 L2J_Mobius_CT_2.6_HighFive/docs/phantoms/tasks/PHANTOM-M1-RUNTIME-CONTRACTS-024/evidence/FINAL_R2_SCENE_A_AREA2/0035-STATUS.xml
 create mode 100644 L2J_Mobius_CT_2.6_HighFive/docs/phantoms/tasks/PHANTOM-M1-RUNTIME-CONTRACTS-024/evidence/FINAL_R2_SCENE_A_AREA2/0036-STATUS.json
 create mode 100644 L2J_Mobius_CT_2.6_HighFive/docs/phantoms/tasks/PHANTOM-M1-RUNTIME-CONTRACTS-024/evidence/FINAL_R2_SCENE_A_AREA2/0036-STATUS.xml
 create mode 100644 L2J_Mobius_CT_2.6_HighFive/docs/phantoms/tasks/PHANTOM-M1-RUNTIME-CONTRACTS-024/evidence/FINAL_R2_SCENE_A_AREA2/0037-MOVE_SELF.json
 create mode 100644 L2J_Mobius_CT_2.6_HighFive/docs/phantoms/tasks/PHANTOM-M1-RUNTIME-CONTRACTS-024/evidence/FINAL_R2_SCENE_A_AREA2/0037-MOVE_SELF.xml
 create mode 100644 L2J_Mobius_CT_2.6_HighFive/docs/phantoms/tasks/PHANTOM-M1-RUNTIME-CONTRACTS-024/evidence/FINAL_R2_SCENE_A_AREA2/0038-STATUS.json
 create mode 100644 L2J_Mobius_CT_2.6_HighFive/docs/phantoms/tasks/PHANTOM-M1-RUNTIME-CONTRACTS-024/evidence/FINAL_R2_SCENE_A_AREA2/0038-STATUS.xml
 create mode 100644 L2J_Mobius_CT_2.6_HighFive/docs/phantoms/tasks/PHANTOM-M1-RUNTIME-CONTRACTS-024/evidence/FINAL_R2_SCENE_A_AREA2/0039-STATUS.json
 create mode 100644 L2J_Mobius_CT_2.6_HighFive/docs/phantoms/tasks/PHANTOM-M1-RUNTIME-CONTRACTS-024/evidence/FINAL_R2_SCENE_A_AREA2/0039-STATUS.xml
 create mode 100644 L2J_Mobius_CT_2.6_HighFive/docs/phantoms/tasks/PHANTOM-M1-RUNTIME-CONTRACTS-024/evidence/FINAL_R2_SCENE_A_AREA2/0040-STATUS.json
 create mode 100644 L2J_Mobius_CT_2.6_HighFive/docs/phantoms/tasks/PHANTOM-M1-RUNTIME-CONTRACTS-024/evidence/FINAL_R2_SCENE_A_AREA2/0040-STATUS.xml
 create mode 100644 L2J_Mobius_CT_2.6_HighFive/docs/phantoms/tasks/PHANTOM-M1-RUNTIME-CONTRACTS-024/evidence/FINAL_R2_SCENE_A_AREA2/0041-MOVE_SELF.json
 create mode 100644 L2J_Mobius_CT_2.6_HighFive/docs/phantoms/tasks/PHANTOM-M1-RUNTIME-CONTRACTS-024/evidence/FINAL_R2_SCENE_A_AREA2/0041-MOVE_SELF.xml
 create mode 100644 L2J_Mobius_CT_2.6_HighFive/docs/phantoms/tasks/PHANTOM-M1-RUNTIME-CONTRACTS-024/evidence/FINAL_R2_SCENE_A_AREA2/0042-STATUS.json
 create mode 100644 L2J_Mobius_CT_2.6_HighFive/docs/phantoms/tasks/PHANTOM-M1-RUNTIME-CONTRACTS-024/evidence/FINAL_R2_SCENE_A_AREA2/0042-STATUS.xml
 create mode 100644 L2J_Mobius_CT_2.6_HighFive/docs/phantoms/tasks/PHANTOM-M1-RUNTIME-CONTRACTS-024/evidence/FINAL_R2_SCENE_A_AREA2/0043-STATUS.json
 create mode 100644 L2J_Mobius_CT_2.6_HighFive/docs/phantoms/tasks/PHANTOM-M1-RUNTIME-CONTRACTS-024/evidence/FINAL_R2_SCENE_A_AREA2/0043-STATUS.xml
 create mode 100644 L2J_Mobius_CT_2.6_HighFive/docs/phantoms/tasks/PHANTOM-M1-RUNTIME-CONTRACTS-024/evidence/FINAL_R2_SCENE_A_AREA2/0044-STATUS.json
 create mode 100644 L2J_Mobius_CT_2.6_HighFive/docs/phantoms/tasks/PHANTOM-M1-RUNTIME-CONTRACTS-024/evidence/FINAL_R2_SCENE_A_AREA2/0044-STATUS.xml
 create mode 100644 L2J_Mobius_CT_2.6_HighFive/docs/phantoms/tasks/PHANTOM-M1-RUNTIME-CONTRACTS-024/evidence/FINAL_R2_SCENE_A_AREA2/0045-STOP_MOVE.json
 create mode 100644 L2J_Mobius_CT_2.6_HighFive/docs/phantoms/tasks/PHANTOM-M1-RUNTIME-CONTRACTS-024/evidence/FINAL_R2_SCENE_A_AREA2/0045-STOP_MOVE.xml
 create mode 100644 L2J_Mobius_CT_2.6_HighFive/docs/phantoms/tasks/PHANTOM-M1-RUNTIME-CONTRACTS-024/evidence/FINAL_R2_SCENE_A_AREA2/0046-STATUS.json
 create mode 100644 L2J_Mobius_CT_2.6_HighFive/docs/phantoms/tasks/PHANTOM-M1-RUNTIME-CONTRACTS-024/evidence/FINAL_R2_SCENE_A_AREA2/0046-STATUS.xml
 create mode 100644 L2J_Mobius_CT_2.6_HighFive/docs/phantoms/tasks/PHANTOM-M1-RUNTIME-CONTRACTS-024/evidence/FINAL_R2_SCENE_A_AREA2/0047-SNAPSHOT_PHANTOMS.json
 create mode 100644 L2J_Mobius_CT_2.6_HighFive/docs/phantoms/tasks/PHANTOM-M1-RUNTIME-CONTRACTS-024/evidence/FINAL_R2_SCENE_A_AREA2/0047-SNAPSHOT_PHANTOMS.xml
 create mode 100644 L2J_Mobius_CT_2.6_HighFive/docs/phantoms/tasks/PHANTOM-M1-RUNTIME-CONTRACTS-024/evidence/FINAL_R2_SCENE_A_AREA2/0048-SNAPSHOT_PHANTOMS.json
 create mode 100644 L2J_Mobius_CT_2.6_HighFive/docs/phantoms/tasks/PHANTOM-M1-RUNTIME-CONTRACTS-024/evidence/FINAL_R2_SCENE_A_AREA2/0048-SNAPSHOT_PHANTOMS.xml
 create mode 100644 L2J_Mobius_CT_2.6_HighFive/docs/phantoms/tasks/PHANTOM-M1-RUNTIME-CONTRACTS-024/evidence/FINAL_R2_SCENE_A_AREA2/0049-SNAPSHOT_PHANTOMS.json
 create mode 100644 L2J_Mobius_CT_2.6_HighFive/docs/phantoms/tasks/PHANTOM-M1-RUNTIME-CONTRACTS-024/evidence/FINAL_R2_SCENE_A_AREA2/0049-SNAPSHOT_PHANTOMS.xml
 create mode 100644 L2J_Mobius_CT_2.6_HighFive/docs/phantoms/tasks/PHANTOM-M1-RUNTIME-CONTRACTS-024/evidence/FINAL_R2_SCENE_A_AREA2/0050-SNAPSHOT_PHANTOMS.json
 create mode 100644 L2J_Mobius_CT_2.6_HighFive/docs/phantoms/tasks/PHANTOM-M1-RUNTIME-CONTRACTS-024/evidence/FINAL_R2_SCENE_A_AREA2/0050-SNAPSHOT_PHANTOMS.xml
 create mode 100644 L2J_Mobius_CT_2.6_HighFive/docs/phantoms/tasks/PHANTOM-M1-RUNTIME-CONTRACTS-024/evidence/FINAL_R2_SCENE_A_AREA2/0051-SNAPSHOT_PHANTOMS.json
 create mode 100644 L2J_Mobius_CT_2.6_HighFive/docs/phantoms/tasks/PHANTOM-M1-RUNTIME-CONTRACTS-024/evidence/FINAL_R2_SCENE_A_AREA2/0051-SNAPSHOT_PHANTOMS.xml
 create mode 100644 L2J_Mobius_CT_2.6_HighFive/docs/phantoms/tasks/PHANTOM-M1-RUNTIME-CONTRACTS-024/evidence/FINAL_R2_SCENE_A_AREA2/0052-SNAPSHOT_PHANTOMS.json
 create mode 100644 L2J_Mobius_CT_2.6_HighFive/docs/phantoms/tasks/PHANTOM-M1-RUNTIME-CONTRACTS-024/evidence/FINAL_R2_SCENE_A_AREA2/0052-SNAPSHOT_PHANTOMS.xml
 create mode 100644 L2J_Mobius_CT_2.6_HighFive/docs/phantoms/tasks/PHANTOM-M1-RUNTIME-CONTRACTS-024/evidence/FINAL_R2_SCENE_A_AREA2/0053-SNAPSHOT_PHANTOMS.json
 create mode 100644 L2J_Mobius_CT_2.6_HighFive/docs/phantoms/tasks/PHANTOM-M1-RUNTIME-CONTRACTS-024/evidence/FINAL_R2_SCENE_A_AREA2/0053-SNAPSHOT_PHANTOMS.xml
 create mode 100644 L2J_Mobius_CT_2.6_HighFive/docs/phantoms/tasks/PHANTOM-M1-RUNTIME-CONTRACTS-024/evidence/FINAL_R2_SCENE_A_AREA2/0054-SNAPSHOT_PHANTOMS.json
 create mode 100644 L2J_Mobius_CT_2.6_HighFive/docs/phantoms/tasks/PHANTOM-M1-RUNTIME-CONTRACTS-024/evidence/FINAL_R2_SCENE_A_AREA2/0054-SNAPSHOT_PHANTOMS.xml
 create mode 100644 L2J_Mobius_CT_2.6_HighFive/docs/phantoms/tasks/PHANTOM-M1-RUNTIME-CONTRACTS-024/evidence/FINAL_R2_SCENE_A_AREA2/0055-SNAPSHOT_PHANTOMS.json
 create mode 100644 L2J_Mobius_CT_2.6_HighFive/docs/phantoms/tasks/PHANTOM-M1-RUNTIME-CONTRACTS-024/evidence/FINAL_R2_SCENE_A_AREA2/0055-SNAPSHOT_PHANTOMS.xml
 create mode 100644 L2J_Mobius_CT_2.6_HighFive/docs/phantoms/tasks/PHANTOM-M1-RUNTIME-CONTRACTS-024/evidence/FINAL_R2_SCENE_A_AREA2/0056-SNAPSHOT_PHANTOMS.json
 create mode 100644 L2J_Mobius_CT_2.6_HighFive/docs/phantoms/tasks/PHANTOM-M1-RUNTIME-CONTRACTS-024/evidence/FINAL_R2_SCENE_A_AREA2/0056-SNAPSHOT_PHANTOMS.xml
 create mode 100644 L2J_Mobius_CT_2.6_HighFive/docs/phantoms/tasks/PHANTOM-M1-RUNTIME-CONTRACTS-024/evidence/FINAL_R2_SCENE_A_AREA2/0057-SNAPSHOT_PHANTOMS.json
 create mode 100644 L2J_Mobius_CT_2.6_HighFive/docs/phantoms/tasks/PHANTOM-M1-RUNTIME-CONTRACTS-024/evidence/FINAL_R2_SCENE_A_AREA2/0057-SNAPSHOT_PHANTOMS.xml
 create mode 100644 L2J_Mobius_CT_2.6_HighFive/docs/phantoms/tasks/PHANTOM-M1-RUNTIME-CONTRACTS-024/evidence/FINAL_R2_SCENE_A_AREA2/0058-SNAPSHOT_PHANTOMS.json
 create mode 100644 L2J_Mobius_CT_2.6_HighFive/docs/phantoms/tasks/PHANTOM-M1-RUNTIME-CONTRACTS-024/evidence/FINAL_R2_SCENE_A_AREA2/0058-SNAPSHOT_PHANTOMS.xml
 create mode 100644 L2J_Mobius_CT_2.6_HighFive/docs/phantoms/tasks/PHANTOM-M1-RUNTIME-CONTRACTS-024/evidence/FINAL_R2_SCENE_A_AREA2/run-id.txt
 create mode 100644 L2J_Mobius_CT_2.6_HighFive/docs/phantoms/tasks/PHANTOM-M1-RUNTIME-CONTRACTS-024/evidence/FINAL_R2_SCENE_A_AREA2/setup-dry-path.txt
 create mode 100644 L2J_Mobius_CT_2.6_HighFive/docs/phantoms/tasks/PHANTOM-M1-RUNTIME-CONTRACTS-024/evidence/FINAL_R2_SCENE_A_AREA2/synthetic-start.json
 create mode 100644 L2J_Mobius_CT_2.6_HighFive/docs/phantoms/tasks/PHANTOM-M1-RUNTIME-CONTRACTS-024/evidence/FINAL_R2_SCENE_A_AREA2/synthetic-stop.json
 create mode 100644 L2J_Mobius_CT_2.6_HighFive/docs/phantoms/tasks/PHANTOM-M1-RUNTIME-CONTRACTS-024/evidence/FROZEN_R2_before_A.json
 create mode 100644 L2J_Mobius_CT_2.6_HighFive/docs/phantoms/tasks/PHANTOM-M1-RUNTIME-CONTRACTS-024/evidence/GREEN_B11_PENDING_STALE_AUTHORITY/native-farm-continuation022.txt
 create mode 100644 L2J_Mobius_CT_2.6_HighFive/docs/phantoms/tasks/PHANTOM-M1-RUNTIME-CONTRACTS-024/evidence/GREEN_B11_PENDING_STALE_AUTHORITY/native-farm-continuation022.xml
 create mode 100644 L2J_Mobius_CT_2.6_HighFive/docs/phantoms/tasks/PHANTOM-M1-RUNTIME-CONTRACTS-024/evidence/R2_ECOLOGY_READ_DIAGNOSTICS/agent-installed-19568.txt
 create mode 100644 L2J_Mobius_CT_2.6_HighFive/docs/phantoms/tasks/PHANTOM-M1-RUNTIME-CONTRACTS-024/evidence/R2_ECOLOGY_READ_DIAGNOSTICS/diagnostics-19568.txt
 create mode 100644 L2J_Mobius_CT_2.6_HighFive/docs/phantoms/tasks/PHANTOM-M1-RUNTIME-CONTRACTS-024/evidence/R2_PREFLIGHT_LOCATION_FACTS/characters.tsv
 create mode 100644 L2J_Mobius_CT_2.6_HighFive/docs/phantoms/tasks/PHANTOM-M1-RUNTIME-CONTRACTS-024/evidence/R2_PREFLIGHT_LOCATION_FACTS/counts.tsv
 create mode 100644 L2J_Mobius_CT_2.6_HighFive/docs/phantoms/tasks/PHANTOM-M1-RUNTIME-CONTRACTS-024/evidence/R2_PREFLIGHT_LOCATION_FACTS/durable-decoded.tsv
 create mode 100644 L2J_Mobius_CT_2.6_HighFive/docs/phantoms/tasks/PHANTOM-M1-RUNTIME-CONTRACTS-024/evidence/R2_PREFLIGHT_LOCATION_FACTS/durable-hex.tsv
 create mode 100644 L2J_Mobius_CT_2.6_HighFive/docs/phantoms/tasks/PHANTOM-M1-RUNTIME-CONTRACTS-024/evidence/R2_PREFLIGHT_LOCATION_FACTS/items.tsv
 create mode 100644 L2J_Mobius_CT_2.6_HighFive/docs/phantoms/tasks/PHANTOM-M1-RUNTIME-CONTRACTS-024/evidence/R2_PREFLIGHT_LOCATION_FACTS/runtime-manifest.json
 create mode 100644 L2J_Mobius_CT_2.6_HighFive/docs/phantoms/tasks/PHANTOM-M1-RUNTIME-CONTRACTS-024/evidence/R2_PREFLIGHT_LOCATION_FACTS/skills.tsv
 create mode 100644 L2J_Mobius_CT_2.6_HighFive/docs/phantoms/tasks/PHANTOM-M1-RUNTIME-CONTRACTS-024/evidence/R2_RESTART_READ_DIAGNOSTICS/agent-installed-19568.txt
 create mode 100644 L2J_Mobius_CT_2.6_HighFive/docs/phantoms/tasks/PHANTOM-M1-RUNTIME-CONTRACTS-024/evidence/R2_RESTART_READ_DIAGNOSTICS/diagnostics-19568.txt
 create mode 100644 L2J_Mobius_CT_2.6_HighFive/docs/phantoms/tasks/PHANTOM-M1-RUNTIME-CONTRACTS-024/evidence/RED_B11_PENDING_STALE_AUTHORITY/native-farm-continuation022.txt
 create mode 100644 L2J_Mobius_CT_2.6_HighFive/docs/phantoms/tasks/PHANTOM-M1-RUNTIME-CONTRACTS-024/evidence/RED_B11_PENDING_STALE_AUTHORITY/native-farm-continuation022.xml
 create mode 100644 L2J_Mobius_CT_2.6_HighFive/docs/phantoms/tasks/PHANTOM-M1-RUNTIME-CONTRACTS-024/evidence/REG_B_MATRIX_AFTER_B11/background-position-canonicalization.txt
 create mode 100644 L2J_Mobius_CT_2.6_HighFive/docs/phantoms/tasks/PHANTOM-M1-RUNTIME-CONTRACTS-024/evidence/REG_B_MATRIX_AFTER_B11/background-position-canonicalization.xml
 create mode 100644 L2J_Mobius_CT_2.6_HighFive/docs/phantoms/tasks/PHANTOM-M1-RUNTIME-CONTRACTS-024/evidence/REG_D_AFTER_B11/visible-intent-recovery.txt
 create mode 100644 L2J_Mobius_CT_2.6_HighFive/docs/phantoms/tasks/PHANTOM-M1-RUNTIME-CONTRACTS-024/evidence/REG_D_AFTER_B11/visible-intent-recovery.xml
 create mode 100644 L2J_Mobius_CT_2.6_HighFive/docs/phantoms/tasks/PHANTOM-M1-RUNTIME-CONTRACTS-024/final-r2-scene-a-area2.log
 create mode 100644 L2J_Mobius_CT_2.6_HighFive/docs/phantoms/tasks/PHANTOM-M1-RUNTIME-CONTRACTS-024/final-r2-scene-a.log
 create mode 100644 L2J_Mobius_CT_2.6_HighFive/docs/phantoms/tasks/PHANTOM-M1-RUNTIME-CONTRACTS-024/start-frozen-r2-c.log
 create mode 100644 L2J_Mobius_CT_2.6_HighFive/docs/phantoms/tasks/PHANTOM-M1-RUNTIME-CONTRACTS-024/stop-r2-c.log
5a8e3ce7ee9fe2897e58a6a1389c94b8dcaf9f78
