[detached HEAD ca3cbef9c03] Preserve exact committed native elevation across stock phantom load
 95 files changed, 110496 insertions(+), 2392 deletions(-)
 create mode 100644 L2J_Mobius_CT_2.6_HighFive/docs/phantoms/tasks/PHANTOM-M1-RUNTIME-CONTRACTS-024/GREEN_B12_NATIVE_Z.log
 create mode 100644 L2J_Mobius_CT_2.6_HighFive/docs/phantoms/tasks/PHANTOM-M1-RUNTIME-CONTRACTS-024/RED_B12_NATIVE_Z.log
 create mode 100644 L2J_Mobius_CT_2.6_HighFive/docs/phantoms/tasks/PHANTOM-M1-RUNTIME-CONTRACTS-024/REG_B12_OWNED_MATRIX.log
 create mode 100644 L2J_Mobius_CT_2.6_HighFive/docs/phantoms/tasks/PHANTOM-M1-RUNTIME-CONTRACTS-024/build-b12-green.log
 create mode 100644 L2J_Mobius_CT_2.6_HighFive/docs/phantoms/tasks/PHANTOM-M1-RUNTIME-CONTRACTS-024/build-b12-red.log
 create mode 100644 L2J_Mobius_CT_2.6_HighFive/docs/phantoms/tasks/PHANTOM-M1-RUNTIME-CONTRACTS-024/checkpoint-04.log
 create mode 100644 L2J_Mobius_CT_2.6_HighFive/docs/phantoms/tasks/PHANTOM-M1-RUNTIME-CONTRACTS-024/evidence/FINAL_R3_SCENE_A/0001-STATUS.json
 create mode 100644 L2J_Mobius_CT_2.6_HighFive/docs/phantoms/tasks/PHANTOM-M1-RUNTIME-CONTRACTS-024/evidence/FINAL_R3_SCENE_A/0001-STATUS.xml
 create mode 100644 L2J_Mobius_CT_2.6_HighFive/docs/phantoms/tasks/PHANTOM-M1-RUNTIME-CONTRACTS-024/evidence/FINAL_R3_SCENE_A/0002-TELEPORT_SELF.json
 create mode 100644 L2J_Mobius_CT_2.6_HighFive/docs/phantoms/tasks/PHANTOM-M1-RUNTIME-CONTRACTS-024/evidence/FINAL_R3_SCENE_A/0002-TELEPORT_SELF.xml
 create mode 100644 L2J_Mobius_CT_2.6_HighFive/docs/phantoms/tasks/PHANTOM-M1-RUNTIME-CONTRACTS-024/evidence/FINAL_R3_SCENE_A/0003-STATUS.json
 create mode 100644 L2J_Mobius_CT_2.6_HighFive/docs/phantoms/tasks/PHANTOM-M1-RUNTIME-CONTRACTS-024/evidence/FINAL_R3_SCENE_A/0003-STATUS.xml
 create mode 100644 L2J_Mobius_CT_2.6_HighFive/docs/phantoms/tasks/PHANTOM-M1-RUNTIME-CONTRACTS-024/evidence/FINAL_R3_SCENE_A/0004-STATUS.json
 create mode 100644 L2J_Mobius_CT_2.6_HighFive/docs/phantoms/tasks/PHANTOM-M1-RUNTIME-CONTRACTS-024/evidence/FINAL_R3_SCENE_A/0004-STATUS.xml
 create mode 100644 L2J_Mobius_CT_2.6_HighFive/docs/phantoms/tasks/PHANTOM-M1-RUNTIME-CONTRACTS-024/evidence/FINAL_R3_SCENE_A/0005-MOVE_SELF.json
 create mode 100644 L2J_Mobius_CT_2.6_HighFive/docs/phantoms/tasks/PHANTOM-M1-RUNTIME-CONTRACTS-024/evidence/FINAL_R3_SCENE_A/0005-MOVE_SELF.xml
 create mode 100644 L2J_Mobius_CT_2.6_HighFive/docs/phantoms/tasks/PHANTOM-M1-RUNTIME-CONTRACTS-024/evidence/FINAL_R3_SCENE_A/0006-STATUS.json
 create mode 100644 L2J_Mobius_CT_2.6_HighFive/docs/phantoms/tasks/PHANTOM-M1-RUNTIME-CONTRACTS-024/evidence/FINAL_R3_SCENE_A/0006-STATUS.xml
 create mode 100644 L2J_Mobius_CT_2.6_HighFive/docs/phantoms/tasks/PHANTOM-M1-RUNTIME-CONTRACTS-024/evidence/FINAL_R3_SCENE_A/0007-STATUS.json
 create mode 100644 L2J_Mobius_CT_2.6_HighFive/docs/phantoms/tasks/PHANTOM-M1-RUNTIME-CONTRACTS-024/evidence/FINAL_R3_SCENE_A/0007-STATUS.xml
 create mode 100644 L2J_Mobius_CT_2.6_HighFive/docs/phantoms/tasks/PHANTOM-M1-RUNTIME-CONTRACTS-024/evidence/FINAL_R3_SCENE_A/0008-STATUS.json
 create mode 100644 L2J_Mobius_CT_2.6_HighFive/docs/phantoms/tasks/PHANTOM-M1-RUNTIME-CONTRACTS-024/evidence/FINAL_R3_SCENE_A/0008-STATUS.xml
 create mode 100644 L2J_Mobius_CT_2.6_HighFive/docs/phantoms/tasks/PHANTOM-M1-RUNTIME-CONTRACTS-024/evidence/FINAL_R3_SCENE_A/0009-MOVE_SELF.json
 create mode 100644 L2J_Mobius_CT_2.6_HighFive/docs/phantoms/tasks/PHANTOM-M1-RUNTIME-CONTRACTS-024/evidence/FINAL_R3_SCENE_A/0009-MOVE_SELF.xml
 create mode 100644 L2J_Mobius_CT_2.6_HighFive/docs/phantoms/tasks/PHANTOM-M1-RUNTIME-CONTRACTS-024/evidence/FINAL_R3_SCENE_A/0010-STATUS.json
 create mode 100644 L2J_Mobius_CT_2.6_HighFive/docs/phantoms/tasks/PHANTOM-M1-RUNTIME-CONTRACTS-024/evidence/FINAL_R3_SCENE_A/0010-STATUS.xml
 create mode 100644 L2J_Mobius_CT_2.6_HighFive/docs/phantoms/tasks/PHANTOM-M1-RUNTIME-CONTRACTS-024/evidence/FINAL_R3_SCENE_A/0011-STATUS.json
 create mode 100644 L2J_Mobius_CT_2.6_HighFive/docs/phantoms/tasks/PHANTOM-M1-RUNTIME-CONTRACTS-024/evidence/FINAL_R3_SCENE_A/0011-STATUS.xml
 create mode 100644 L2J_Mobius_CT_2.6_HighFive/docs/phantoms/tasks/PHANTOM-M1-RUNTIME-CONTRACTS-024/evidence/FINAL_R3_SCENE_A/0012-STATUS.json
 create mode 100644 L2J_Mobius_CT_2.6_HighFive/docs/phantoms/tasks/PHANTOM-M1-RUNTIME-CONTRACTS-024/evidence/FINAL_R3_SCENE_A/0012-STATUS.xml
 create mode 100644 L2J_Mobius_CT_2.6_HighFive/docs/phantoms/tasks/PHANTOM-M1-RUNTIME-CONTRACTS-024/evidence/FINAL_R3_SCENE_A/0013-MOVE_SELF.json
 create mode 100644 L2J_Mobius_CT_2.6_HighFive/docs/phantoms/tasks/PHANTOM-M1-RUNTIME-CONTRACTS-024/evidence/FINAL_R3_SCENE_A/0013-MOVE_SELF.xml
 create mode 100644 L2J_Mobius_CT_2.6_HighFive/docs/phantoms/tasks/PHANTOM-M1-RUNTIME-CONTRACTS-024/evidence/FINAL_R3_SCENE_A/0014-STATUS.json
 create mode 100644 L2J_Mobius_CT_2.6_HighFive/docs/phantoms/tasks/PHANTOM-M1-RUNTIME-CONTRACTS-024/evidence/FINAL_R3_SCENE_A/0014-STATUS.xml
 create mode 100644 L2J_Mobius_CT_2.6_HighFive/docs/phantoms/tasks/PHANTOM-M1-RUNTIME-CONTRACTS-024/evidence/FINAL_R3_SCENE_A/0015-STATUS.json
 create mode 100644 L2J_Mobius_CT_2.6_HighFive/docs/phantoms/tasks/PHANTOM-M1-RUNTIME-CONTRACTS-024/evidence/FINAL_R3_SCENE_A/0015-STATUS.xml
 create mode 100644 L2J_Mobius_CT_2.6_HighFive/docs/phantoms/tasks/PHANTOM-M1-RUNTIME-CONTRACTS-024/evidence/FINAL_R3_SCENE_A/0016-STATUS.json
 create mode 100644 L2J_Mobius_CT_2.6_HighFive/docs/phantoms/tasks/PHANTOM-M1-RUNTIME-CONTRACTS-024/evidence/FINAL_R3_SCENE_A/0016-STATUS.xml
 create mode 100644 L2J_Mobius_CT_2.6_HighFive/docs/phantoms/tasks/PHANTOM-M1-RUNTIME-CONTRACTS-024/evidence/FINAL_R3_SCENE_A/0017-STATUS.json
 create mode 100644 L2J_Mobius_CT_2.6_HighFive/docs/phantoms/tasks/PHANTOM-M1-RUNTIME-CONTRACTS-024/evidence/FINAL_R3_SCENE_A/0017-STATUS.xml
 create mode 100644 L2J_Mobius_CT_2.6_HighFive/docs/phantoms/tasks/PHANTOM-M1-RUNTIME-CONTRACTS-024/evidence/FINAL_R3_SCENE_A/0018-MOVE_SELF.json
 create mode 100644 L2J_Mobius_CT_2.6_HighFive/docs/phantoms/tasks/PHANTOM-M1-RUNTIME-CONTRACTS-024/evidence/FINAL_R3_SCENE_A/0018-MOVE_SELF.xml
 create mode 100644 L2J_Mobius_CT_2.6_HighFive/docs/phantoms/tasks/PHANTOM-M1-RUNTIME-CONTRACTS-024/evidence/FINAL_R3_SCENE_A/0019-STATUS.json
 create mode 100644 L2J_Mobius_CT_2.6_HighFive/docs/phantoms/tasks/PHANTOM-M1-RUNTIME-CONTRACTS-024/evidence/FINAL_R3_SCENE_A/0019-STATUS.xml
 create mode 100644 L2J_Mobius_CT_2.6_HighFive/docs/phantoms/tasks/PHANTOM-M1-RUNTIME-CONTRACTS-024/evidence/FINAL_R3_SCENE_A/0020-STATUS.json
 create mode 100644 L2J_Mobius_CT_2.6_HighFive/docs/phantoms/tasks/PHANTOM-M1-RUNTIME-CONTRACTS-024/evidence/FINAL_R3_SCENE_A/0020-STATUS.xml
 create mode 100644 L2J_Mobius_CT_2.6_HighFive/docs/phantoms/tasks/PHANTOM-M1-RUNTIME-CONTRACTS-024/evidence/FINAL_R3_SCENE_A/0021-STATUS.json
 create mode 100644 L2J_Mobius_CT_2.6_HighFive/docs/phantoms/tasks/PHANTOM-M1-RUNTIME-CONTRACTS-024/evidence/FINAL_R3_SCENE_A/0021-STATUS.xml
 create mode 100644 L2J_Mobius_CT_2.6_HighFive/docs/phantoms/tasks/PHANTOM-M1-RUNTIME-CONTRACTS-024/evidence/FINAL_R3_SCENE_A/0022-MOVE_SELF.json
 create mode 100644 L2J_Mobius_CT_2.6_HighFive/docs/phantoms/tasks/PHANTOM-M1-RUNTIME-CONTRACTS-024/evidence/FINAL_R3_SCENE_A/0022-MOVE_SELF.xml
 create mode 100644 L2J_Mobius_CT_2.6_HighFive/docs/phantoms/tasks/PHANTOM-M1-RUNTIME-CONTRACTS-024/evidence/FINAL_R3_SCENE_A/0023-STATUS.json
 create mode 100644 L2J_Mobius_CT_2.6_HighFive/docs/phantoms/tasks/PHANTOM-M1-RUNTIME-CONTRACTS-024/evidence/FINAL_R3_SCENE_A/0023-STATUS.xml
 create mode 100644 L2J_Mobius_CT_2.6_HighFive/docs/phantoms/tasks/PHANTOM-M1-RUNTIME-CONTRACTS-024/evidence/FINAL_R3_SCENE_A/0024-STATUS.json
 create mode 100644 L2J_Mobius_CT_2.6_HighFive/docs/phantoms/tasks/PHANTOM-M1-RUNTIME-CONTRACTS-024/evidence/FINAL_R3_SCENE_A/0024-STATUS.xml
 create mode 100644 L2J_Mobius_CT_2.6_HighFive/docs/phantoms/tasks/PHANTOM-M1-RUNTIME-CONTRACTS-024/evidence/FINAL_R3_SCENE_A/0025-STATUS.json
 create mode 100644 L2J_Mobius_CT_2.6_HighFive/docs/phantoms/tasks/PHANTOM-M1-RUNTIME-CONTRACTS-024/evidence/FINAL_R3_SCENE_A/0025-STATUS.xml
 create mode 100644 L2J_Mobius_CT_2.6_HighFive/docs/phantoms/tasks/PHANTOM-M1-RUNTIME-CONTRACTS-024/evidence/FINAL_R3_SCENE_A/0026-MOVE_SELF.json
 create mode 100644 L2J_Mobius_CT_2.6_HighFive/docs/phantoms/tasks/PHANTOM-M1-RUNTIME-CONTRACTS-024/evidence/FINAL_R3_SCENE_A/0026-MOVE_SELF.xml
 create mode 100644 L2J_Mobius_CT_2.6_HighFive/docs/phantoms/tasks/PHANTOM-M1-RUNTIME-CONTRACTS-024/evidence/FINAL_R3_SCENE_A/0027-STATUS.json
 create mode 100644 L2J_Mobius_CT_2.6_HighFive/docs/phantoms/tasks/PHANTOM-M1-RUNTIME-CONTRACTS-024/evidence/FINAL_R3_SCENE_A/0027-STATUS.xml
 create mode 100644 L2J_Mobius_CT_2.6_HighFive/docs/phantoms/tasks/PHANTOM-M1-RUNTIME-CONTRACTS-024/evidence/FINAL_R3_SCENE_A/0028-STATUS.json
 create mode 100644 L2J_Mobius_CT_2.6_HighFive/docs/phantoms/tasks/PHANTOM-M1-RUNTIME-CONTRACTS-024/evidence/FINAL_R3_SCENE_A/0028-STATUS.xml
 create mode 100644 L2J_Mobius_CT_2.6_HighFive/docs/phantoms/tasks/PHANTOM-M1-RUNTIME-CONTRACTS-024/evidence/FINAL_R3_SCENE_A/0029-STATUS.json
 create mode 100644 L2J_Mobius_CT_2.6_HighFive/docs/phantoms/tasks/PHANTOM-M1-RUNTIME-CONTRACTS-024/evidence/FINAL_R3_SCENE_A/0029-STATUS.xml
 create mode 100644 L2J_Mobius_CT_2.6_HighFive/docs/phantoms/tasks/PHANTOM-M1-RUNTIME-CONTRACTS-024/evidence/FINAL_R3_SCENE_A/0030-MOVE_SELF.json
 create mode 100644 L2J_Mobius_CT_2.6_HighFive/docs/phantoms/tasks/PHANTOM-M1-RUNTIME-CONTRACTS-024/evidence/FINAL_R3_SCENE_A/0030-MOVE_SELF.xml
 create mode 100644 L2J_Mobius_CT_2.6_HighFive/docs/phantoms/tasks/PHANTOM-M1-RUNTIME-CONTRACTS-024/evidence/FINAL_R3_SCENE_A/0031-STATUS.json
 create mode 100644 L2J_Mobius_CT_2.6_HighFive/docs/phantoms/tasks/PHANTOM-M1-RUNTIME-CONTRACTS-024/evidence/FINAL_R3_SCENE_A/0031-STATUS.xml
 create mode 100644 L2J_Mobius_CT_2.6_HighFive/docs/phantoms/tasks/PHANTOM-M1-RUNTIME-CONTRACTS-024/evidence/FINAL_R3_SCENE_A/0032-STATUS.json
 create mode 100644 L2J_Mobius_CT_2.6_HighFive/docs/phantoms/tasks/PHANTOM-M1-RUNTIME-CONTRACTS-024/evidence/FINAL_R3_SCENE_A/0032-STATUS.xml
 create mode 100644 L2J_Mobius_CT_2.6_HighFive/docs/phantoms/tasks/PHANTOM-M1-RUNTIME-CONTRACTS-024/evidence/FINAL_R3_SCENE_A/0033-STATUS.json
 create mode 100644 L2J_Mobius_CT_2.6_HighFive/docs/phantoms/tasks/PHANTOM-M1-RUNTIME-CONTRACTS-024/evidence/FINAL_R3_SCENE_A/0033-STATUS.xml
 create mode 100644 L2J_Mobius_CT_2.6_HighFive/docs/phantoms/tasks/PHANTOM-M1-RUNTIME-CONTRACTS-024/evidence/FINAL_R3_SCENE_A/run-id.txt
 create mode 100644 L2J_Mobius_CT_2.6_HighFive/docs/phantoms/tasks/PHANTOM-M1-RUNTIME-CONTRACTS-024/evidence/FINAL_R3_SCENE_A/setup-dry-path.txt
 create mode 100644 L2J_Mobius_CT_2.6_HighFive/docs/phantoms/tasks/PHANTOM-M1-RUNTIME-CONTRACTS-024/evidence/FINAL_R3_SCENE_A/synthetic-start.json
 create mode 100644 L2J_Mobius_CT_2.6_HighFive/docs/phantoms/tasks/PHANTOM-M1-RUNTIME-CONTRACTS-024/evidence/FINAL_R3_SCENE_A/synthetic-stop.json
 create mode 100644 L2J_Mobius_CT_2.6_HighFive/docs/phantoms/tasks/PHANTOM-M1-RUNTIME-CONTRACTS-024/evidence/FROZEN_R3_SCENE_A.json
 create mode 100644 L2J_Mobius_CT_2.6_HighFive/docs/phantoms/tasks/PHANTOM-M1-RUNTIME-CONTRACTS-024/evidence/GREEN_B12_NATIVE_Z/native-farm-continuation022.txt
 create mode 100644 L2J_Mobius_CT_2.6_HighFive/docs/phantoms/tasks/PHANTOM-M1-RUNTIME-CONTRACTS-024/evidence/GREEN_B12_NATIVE_Z/native-farm-continuation022.xml
 create mode 100644 L2J_Mobius_CT_2.6_HighFive/docs/phantoms/tasks/PHANTOM-M1-RUNTIME-CONTRACTS-024/evidence/R3_PREBASELINE_THREAD_DUMP.txt
 create mode 100644 L2J_Mobius_CT_2.6_HighFive/docs/phantoms/tasks/PHANTOM-M1-RUNTIME-CONTRACTS-024/evidence/RED_B12_NATIVE_Z/native-farm-continuation022.txt
 create mode 100644 L2J_Mobius_CT_2.6_HighFive/docs/phantoms/tasks/PHANTOM-M1-RUNTIME-CONTRACTS-024/evidence/RED_B12_NATIVE_Z/native-farm-continuation022.xml
 create mode 100644 L2J_Mobius_CT_2.6_HighFive/docs/phantoms/tasks/PHANTOM-M1-RUNTIME-CONTRACTS-024/evidence/REG_B12_OWNED_MATRIX/background-position-canonicalization.txt
 create mode 100644 L2J_Mobius_CT_2.6_HighFive/docs/phantoms/tasks/PHANTOM-M1-RUNTIME-CONTRACTS-024/evidence/REG_B12_OWNED_MATRIX/background-position-canonicalization.xml
 create mode 100644 L2J_Mobius_CT_2.6_HighFive/docs/phantoms/tasks/PHANTOM-M1-RUNTIME-CONTRACTS-024/stop-r3-c.log
 create mode 100644 L2J_Mobius_CT_2.6_HighFive/docs/phantoms/tasks/PHANTOM-M1-RUNTIME-CONTRACTS-024/update-r3-c.log
ca3cbef9c03b695dcb9f84a734c5535b4ac72027
