[PASS] population-ecology-goal033.01-strict-catalog-config-and-codec
[PASS] population-ecology-goal033.02-low-discrepancy-and-human-independence
[PASS] population-ecology-goal033.03-pace-and-schedule-causal-time
[PASS] population-ecology-goal033.04-bounded-calendar-restart-and-ongoing
[PASS] population-ecology-goal033.05-safe-turnover-replacement-and-cap
[PASS] population-ecology-goal033.06-personality-new-state-only
[PASS] population-ecology-goal033.07-production-architecture-static-fences
[PASS] population-ecology-goal033.08-idle-calendar-catchup-reopens-schedule-fence
[PASS] population-ecology-goal033.09-restart-existing-ecology-reopens-schedule-fences
[PASS] population-ecology-goal033.10-topology-block-quiet-and-resume
[PASS] population-ecology-goal033.11-transient-item-retry-has-shared-pulse-backoff
[PASS] population-ecology-goal033.12-background-due-reconciles-elapsed-cursor-once
[PASS] population-ecology-goal033.13-periodic-due-crash-before-and-after-durable-commit
[PASS] population-ecology-goal033.14-periodic-cursor-materialized-boundary-and-resume
[PASS] population-ecology-goal033.15-stale-authority-renews-current-request
[PASS] population-ecology-goal033.16-incomplete-periodic-due-continues-under-pulse-budgets
[PASS] population-ecology-goal033.17-restored-inventory-readiness-starts-bounded-target-creation
[PASS] population-ecology-goal033.18-native-context-releases-only-materialization-gate
[PASS] population-ecology-goal033.O01-orphan-ownership-contract
[PASS] population-ecology-goal033.O02-orphan-ownership-contract
[PASS] population-ecology-goal033.O03-orphan-ownership-contract
[PASS] population-ecology-goal033.O04-orphan-ownership-contract
[PASS] population-ecology-goal033.O05-orphan-ownership-contract
[PASS] population-ecology-goal033.O06-orphan-ownership-contract
[PASS] population-ecology-goal033.O07-orphan-ownership-contract
[PASS] population-ecology-goal033.O08-orphan-ownership-contract
[PASS] population-ecology-goal033.O09-orphan-ownership-contract
[PASS] population-ecology-goal033.O10-orphan-ownership-contract
[PASS] population-ecology-goal033.O11-orphan-ownership-contract
[PASS] population-ecology-goal033.O12-orphan-ownership-contract
SUMMARY: suite=population-ecology-goal033 seed=33003300 total=30 passed=30 failed=0
