[PASS] decision-core.01-domain-ref-valid-and-ordered
[PASS] decision-core.02-domain-ref-rejects-invalid
[PASS] decision-core.03-capability-set-sorted-and-bounded
[PASS] decision-core.04-capability-requirement-gate
[PASS] decision-core.05-goal-immutable-canonical-fields
[PASS] decision-core.06-goal-invariants-reject-invalid
[PASS] decision-core.07-plan-contiguous-and-immutable
[PASS] decision-core.08-plan-bounds-reject-invalid
[PASS] decision-core.09-candidate-registry-seal-and-order
[PASS] decision-core.10-candidate-registry-rejects-duplicate-and-late
[PASS] decision-core.11-handler-registry-seal-and-order
[PASS] decision-core.12-integer-weighted-floor
[PASS] decision-core.13-deterministic-ascii-tie
[PASS] decision-core.14-capability-block-before-consideration
[PASS] decision-core.15-threshold-rejects-candidate
[PASS] decision-core.16-consideration-exception-isolated
[PASS] decision-core.17-invalid-score-isolated
[PASS] decision-core.18-explanations-bounded-and-ordered
[PASS] decision-core.19-attach-load-once-and-revision-gate
[PASS] decision-core.20-one-handler-per-work-and-step-order
[PASS] decision-core.21-retry-delay-and-attempt-bound
[PASS] decision-core.22-replan-discards-plan
[PASS] decision-core.23-logical-total-timeout
[PASS] decision-core.24-activity-generation-cancels-stale-result
[PASS] decision-core.25-goal-replacement-cancels-stale-result
[PASS] decision-core.26-detach-pending-and-cooperative-token
[PASS] decision-core.27-stop-waits-for-handler-quiescence
[PASS] decision-core.28-persistence-conflict-requires-reload
[PASS] decision-core.29-terminal-result-persists-goal-only
[PASS] decision-core.30-ordinary-work-performs-no-store-read
[PASS] decision-core.31-logical-zero-step-timeout
[PASS] decision-core.32-final-success-plan-is-nonterminal-goal
[PASS] decision-core.33-goal-boundaries-reset-snapshot-evidence
[PASS] decision-core.34-activity-generation-resets-snapshot-evidence
[PASS] decision-core.35-stop-resets-snapshot-evidence
[PASS] decision-core.36-admission-fence-blocks-work
SUMMARY: suite=decision-core seed=20002001 total=36 passed=36 failed=0
