STATUS status=SUCCEEDED reason=SNAPSHOT utc=2026-10-06T16:17:55.158699500Z
PHANTOMS-initial status=SUCCEEDED reason=CANDIDATE_SNAPSHOT utc=2026-10-06T16:17:55.974775200Z
SELECT status=SUCCEEDED reason=SELECTED utc=2026-10-06T16:17:56.559758900Z
TRACE-baseline status=SUCCEEDED reason=SELECTED_TRACE_SNAPSHOT utc=2026-10-06T16:17:57.229743500Z
CENSUS-baseline-page0 status=SUCCEEDED reason=CANDIDATE_SNAPSHOT utc=2026-10-06T16:17:57.961876500Z
CENSUS-baseline-page1 status=SUCCEEDED reason=CANDIDATE_SNAPSHOT utc=2026-10-06T16:17:58.556520400Z
BASELINE profile=110 object=268485779 epoch=31633062495600 goal=30/30 cycles=0 kills=0 exp=0 sp=0 reason=background.visible.autoplay_running
POLL-1791303480241-trace status=SUCCEEDED reason=SELECTED_TRACE_SNAPSHOT utc=2026-10-06T16:18:00.801993200Z
POLL-1791303480241-census-page0 status=SUCCEEDED reason=CANDIDATE_SNAPSHOT utc=2026-10-06T16:18:01.360546700Z
POLL-1791303480241-census-page1 status=SUCCEEDED reason=CANDIDATE_SNAPSHOT utc=2026-10-06T16:18:01.957837700Z
POLL elapsed=3.3986702 profile=110 goal=30/30 guard=COMMON_GUARDS_CLEAR cycles=0 kills=0 targets=1 exp=0 sp=0 reason=background.visible.autoplay_running travel= recovery=
POLL-1791303483230-trace status=SUCCEEDED reason=SELECTED_TRACE_SNAPSHOT utc=2026-10-06T16:18:03.802715100Z
POLL-1791303483230-census-page0 status=SUCCEEDED reason=CANDIDATE_SNAPSHOT utc=2026-10-06T16:18:04.365732500Z
POLL-1791303483230-census-page1 status=SUCCEEDED reason=CANDIDATE_SNAPSHOT utc=2026-10-06T16:18:04.960706200Z
POLL elapsed=6.403856 profile=110 goal=30/30 guard=COMMON_GUARDS_CLEAR cycles=0 kills=0 targets=1 exp=0 sp=0 reason=background.visible.autoplay_running travel= recovery=
POLL-1791303493260-trace status=SUCCEEDED reason=SELECTED_TRACE_SNAPSHOT utc=2026-10-06T16:18:13.797482500Z
POLL-1791303493260-census-page0 status=SUCCEEDED reason=CANDIDATE_SNAPSHOT utc=10/06/2026 16:18:14
POLL-1791303493260-census-page1 status=SUCCEEDED reason=CANDIDATE_SNAPSHOT utc=2026-10-06T16:18:14.957598100Z
POLL elapsed=-10205983.9618765 profile=110 goal=30/30 guard=COMMON_GUARDS_CLEAR cycles=0 kills=0 targets=1 exp=0 sp=0 reason=background.visible.autoplay_running travel= recovery=
POLL-1791303503257-trace status=SUCCEEDED reason=SELECTED_TRACE_SNAPSHOT utc=2026-10-06T16:18:23.791598200Z
POLL-1791303503257-census-page0 status=SUCCEEDED reason=CANDIDATE_SNAPSHOT utc=2026-10-06T16:18:24.360739800Z
POLL-1791303503257-census-page1 status=SUCCEEDED reason=CANDIDATE_SNAPSHOT utc=2026-10-06T16:18:24.955707500Z
POLL elapsed=26.3988633 profile=110 goal=30/30 guard=COMMON_GUARDS_CLEAR cycles=0 kills=0 targets=1 exp=0 sp=0 reason=background.visible.autoplay_running travel= recovery=
POLL-1791303513234-trace status=SUCCEEDED reason=SELECTED_TRACE_SNAPSHOT utc=2026-10-06T16:18:33.796659200Z
POLL-1791303513234-census-page0 status=SUCCEEDED reason=CANDIDATE_SNAPSHOT utc=2026-10-06T16:18:34.359675400Z
POLL-1791303513234-census-page1 status=SUCCEEDED reason=CANDIDATE_SNAPSHOT utc=2026-10-06T16:18:34.954090700Z
POLL elapsed=36.3977989 profile=110 goal=30/30 guard=COMMON_GUARDS_CLEAR cycles=0 kills=0 targets=1 exp=0 sp=0 reason=background.visible.autoplay_running travel= recovery=
POLL-1791303523285-trace status=SUCCEEDED reason=SELECTED_TRACE_SNAPSHOT utc=2026-10-06T16:18:43.800570800Z
POLL-1791303523285-census-page0 status=SUCCEEDED reason=CANDIDATE_SNAPSHOT utc=2026-10-06T16:18:44.562571600Z
POLL-1791303523285-census-page1 status=SUCCEEDED reason=CANDIDATE_SNAPSHOT utc=2026-10-06T16:18:45.155571900Z
POLL elapsed=46.6006951 profile=110 goal=30/30 guard=COMMON_GUARDS_CLEAR cycles=0 kills=0 targets=1 exp=0 sp=0 reason=background.visible.autoplay_running travel= recovery=
POLL-1791303533290-trace status=SUCCEEDED reason=SELECTED_TRACE_SNAPSHOT utc=2026-10-06T16:18:53.806339300Z
POLL-1791303533290-census-page0 status=SUCCEEDED reason=CANDIDATE_SNAPSHOT utc=2026-10-06T16:18:54.360546600Z
POLL-1791303533290-census-page1 status=SUCCEEDED reason=CANDIDATE_SNAPSHOT utc=2026-10-06T16:18:54.953446600Z
POLL elapsed=56.3986701 profile=110 goal=30/30 guard=COMMON_GUARDS_CLEAR cycles=0 kills=0 targets=1 exp=0 sp=0 reason=background.visible.autoplay_running travel= recovery=
POLL-1791303543224-trace status=SUCCEEDED reason=SELECTED_TRACE_SNAPSHOT utc=2026-10-06T16:19:03.792641800Z
POLL-1791303543224-census-page0 status=SUCCEEDED reason=CANDIDATE_SNAPSHOT utc=2026-10-06T16:19:04.360691700Z
POLL-1791303543224-census-page1 status=SUCCEEDED reason=CANDIDATE_SNAPSHOT utc=2026-10-06T16:19:04.954970600Z
POLL elapsed=66.3988152 profile=110 goal=30/30 guard=COMMON_GUARDS_CLEAR cycles=0 kills=0 targets=1 exp=0 sp=0 reason=background.visible.autoplay_running travel= recovery=
POLL-1791303553224-trace status=SUCCEEDED reason=SELECTED_TRACE_SNAPSHOT utc=2026-10-06T16:19:13.793532200Z
POLL-1791303553224-census-page0 status=SUCCEEDED reason=CANDIDATE_SNAPSHOT utc=2026-10-06T16:19:14.362600400Z
POLL-1791303553224-census-page1 status=SUCCEEDED reason=CANDIDATE_SNAPSHOT utc=2026-10-06T16:19:14.955454300Z
POLL elapsed=76.4007239 profile=110 goal=30/30 guard=COMMON_GUARDS_CLEAR cycles=0 kills=0 targets=1 exp=0 sp=0 reason=background.visible.autoplay_running travel= recovery=
POLL-1791303563231-trace status=SUCCEEDED reason=SELECTED_TRACE_SNAPSHOT utc=2026-10-06T16:19:23.792711700Z
POLL-1791303563231-census-page0 status=SUCCEEDED reason=CANDIDATE_SNAPSHOT utc=2026-10-06T16:19:24.363724200Z
POLL-1791303563231-census-page1 status=SUCCEEDED reason=CANDIDATE_SNAPSHOT utc=2026-10-06T16:19:24.953671200Z
POLL elapsed=86.4018477 profile=110 goal=30/30 guard=COMMON_GUARDS_CLEAR cycles=0 kills=0 targets=1 exp=0 sp=0 reason=background.visible.autoplay_running travel= recovery=
POLL-1791303573227-trace status=SUCCEEDED reason=SELECTED_TRACE_SNAPSHOT utc=2026-10-06T16:19:33.593613800Z
POLL-1791303573227-census-page0 status=SUCCEEDED reason=CANDIDATE_SNAPSHOT utc=2026-10-06T16:19:34.160560800Z
POLL-1791303573227-census-page1 status=SUCCEEDED reason=CANDIDATE_SNAPSHOT utc=2026-10-06T16:19:34.755552400Z
POLL elapsed=96.1986843 profile=110 goal=30/30 guard=COMMON_GUARDS_CLEAR cycles=0 kills=0 targets=1 exp=0 sp=0 reason=background.visible.autoplay_running travel= recovery=
POLL-1791303583232-trace status=SUCCEEDED reason=SELECTED_TRACE_SNAPSHOT utc=2026-10-06T16:19:43.788169900Z
POLL-1791303583232-census-page0 status=SUCCEEDED reason=CANDIDATE_SNAPSHOT utc=2026-10-06T16:19:44.358957700Z
POLL-1791303583232-census-page1 status=SUCCEEDED reason=CANDIDATE_SNAPSHOT utc=2026-10-06T16:19:44.955670100Z
POLL elapsed=106.3970812 profile=110 goal=30/30 guard=COMMON_GUARDS_CLEAR cycles=0 kills=0 targets=1 exp=0 sp=0 reason=background.visible.autoplay_running travel= recovery=
POLL-1791303593229-trace status=SUCCEEDED reason=SELECTED_TRACE_SNAPSHOT utc=2026-10-06T16:19:53.798694200Z
POLL-1791303593229-census-page0 status=SUCCEEDED reason=CANDIDATE_SNAPSHOT utc=2026-10-06T16:19:54.361806200Z
POLL-1791303593229-census-page1 status=SUCCEEDED reason=CANDIDATE_SNAPSHOT utc=2026-10-06T16:19:54.956973500Z
POLL elapsed=116.3999297 profile=110 goal=30/30 guard=COMMON_GUARDS_CLEAR cycles=0 kills=0 targets=1 exp=0 sp=0 reason=background.visible.autoplay_running travel= recovery=
POLL-1791303603279-trace status=SUCCEEDED reason=SELECTED_TRACE_SNAPSHOT utc=2026-10-06T16:20:03.805563800Z
POLL-1791303603279-census-page0 status=SUCCEEDED reason=CANDIDATE_SNAPSHOT utc=2026-10-06T16:20:04.363660600Z
POLL-1791303603279-census-page1 status=SUCCEEDED reason=CANDIDATE_SNAPSHOT utc=2026-10-06T16:20:04.958709500Z
POLL elapsed=126.4017841 profile=110 goal=30/30 guard=COMMON_GUARDS_CLEAR cycles=0 kills=0 targets=1 exp=0 sp=0 reason=background.visible.autoplay_running travel= recovery=
POLL-1791303613215-trace status=SUCCEEDED reason=SELECTED_TRACE_SNAPSHOT utc=2026-10-06T16:20:13.593512100Z
POLL-1791303613215-census-page0 status=SUCCEEDED reason=CANDIDATE_SNAPSHOT utc=2026-10-06T16:20:14.158625800Z
POLL-1791303613215-census-page1 status=SUCCEEDED reason=CANDIDATE_SNAPSHOT utc=2026-10-06T16:20:14.754742800Z
POLL elapsed=136.1967493 profile=110 goal=30/30 guard=COMMON_GUARDS_CLEAR cycles=0 kills=0 targets=1 exp=0 sp=0 reason=background.visible.autoplay_running travel= recovery=
POLL-1791303623215-trace status=SUCCEEDED reason=SELECTED_TRACE_SNAPSHOT utc=10/06/2026 16:20:23
POLL-1791303623215-census-page0 status=SUCCEEDED reason=CANDIDATE_SNAPSHOT utc=2026-10-06T16:20:24.160638900Z
POLL-1791303623215-census-page1 status=SUCCEEDED reason=CANDIDATE_SNAPSHOT utc=2026-10-06T16:20:24.755622200Z
POLL elapsed=146.1987624 profile=110 goal=30/30 guard=COMMON_GUARDS_CLEAR cycles=0 kills=0 targets=1 exp=0 sp=0 reason=background.visible.autoplay_running travel= recovery=
POLL-1791303633214-trace status=SUCCEEDED reason=SELECTED_TRACE_SNAPSHOT utc=2026-10-06T16:20:33.587069100Z
POLL-1791303633214-census-page0 status=SUCCEEDED reason=CANDIDATE_SNAPSHOT utc=2026-10-06T16:20:33.956203200Z
POLL-1791303633214-census-page1 status=SUCCEEDED reason=CANDIDATE_SNAPSHOT utc=10/06/2026 16:20:34
POLL elapsed=155.9943267 profile=110 goal=30/30 guard=COMMON_GUARDS_CLEAR cycles=0 kills=0 targets=1 exp=0 sp=0 reason=background.visible.autoplay_running travel= recovery=
POLL-1791303643198-trace status=SUCCEEDED reason=SELECTED_TRACE_SNAPSHOT utc=2026-10-06T16:20:43.793527400Z
POLL-1791303643198-census-page0 status=SUCCEEDED reason=CANDIDATE_SNAPSHOT utc=2026-10-06T16:20:44.357529800Z
POLL-1791303643198-census-page1 status=SUCCEEDED reason=CANDIDATE_SNAPSHOT utc=2026-10-06T16:20:44.754542100Z
POLL elapsed=166.3956533 profile=110 goal=30/30 guard=COMMON_GUARDS_CLEAR cycles=0 kills=0 targets=1 exp=0 sp=0 reason=background.visible.autoplay_running travel= recovery=
